============================= test session starts =============================
platform win32 -- Python 3.14.0, pytest-9.0.3, pluggy-1.6.0
rootdir: C:\Users\BernabeA.LAPTOP-KB1N2IHM\BERNA\UCV\VII CICLO\BUSINESS INTELLIGENCE AND BIG DATA\enla-2026-callao
plugins: anyio-4.13.0
collected 182 items

tests\unit\test_alerting.py ...............................              [ 17%]
tests\unit\test_features.py ..................................           [ 35%]
tests\unit\test_normalization.py ....................                    [ 46%]
tests\unit\test_orchestrator.py ..........                               [ 52%]
tests\unit\test_predictor.py ......FFFFFFF.FFF..F..FFF.....              [ 68%]
tests\unit\test_trainer.py FFFFFFF...F..FFFF..F.............             [ 86%]
tests\unit\test_transform.py FFFFFFFFFFFFFFFFF.FFFFFF                    [100%]

================================== FAILURES ===================================
E   TypeError: Logger._log() got an unexpected keyword argument 'area'
C:\Python314\Lib\logging\__init__.py:1520: TypeError: Logger._log() got an unexpected keyword argument 'area'
E   TypeError: Logger._log() got an unexpected keyword argument 'area'
C:\Python314\Lib\logging\__init__.py:1520: TypeError: Logger._log() got an unexpected keyword argument 'area'
E   TypeError: Logger._log() got an unexpected keyword argument 'area'
C:\Python314\Lib\logging\__init__.py:1520: TypeError: Logger._log() got an unexpected keyword argument 'area'
E   TypeError: Logger._log() got an unexpected keyword argument 'area'
C:\Python314\Lib\logging\__init__.py:1520: TypeError: Logger._log() got an unexpected keyword argument 'area'
E   TypeError: Logger._log() got an unexpected keyword argument 'area'
C:\Python314\Lib\logging\__init__.py:1520: TypeError: Logger._log() got an unexpected keyword argument 'area'
E   TypeError: Logger._log() got an unexpected keyword argument 'area'

During handling of the above exception, another exception occurred:
E   src.models.predictor.PredictionError: Unexpected error predicting for 'comunicacion': Logger._log() got an unexpected keyword argument 'area'
---------------------------- Captured stderr call -----------------------------
2026-05-02 00:12:46,623 - enla.model_predictor - INFO - Generating predictions for area: comunicacion
2026-05-02 00:12:46,624 - enla.model_predictor - ERROR - Unexpected error predicting for 'comunicacion': Logger._log() got an unexpected keyword argument 'area'
Traceback (most recent call last):
  File "C:\Users\BernabeA.LAPTOP-KB1N2IHM\BERNA\UCV\VII CICLO\BUSINESS INTELLIGENCE AND BIG DATA\enla-2026-callao\src\models\predictor.py", line 157, in predict_for_area
    prediction_query = self._build_prediction_query(area)
  File "C:\Users\BernabeA.LAPTOP-KB1N2IHM\BERNA\UCV\VII CICLO\BUSINESS INTELLIGENCE AND BIG DATA\enla-2026-callao\src\models\predictor.py", line 135, in _build_prediction_query
    logger.info("Prediction query built", area=area, model_name=model_name)
    ~~~~~~~~~~~^^^^^^^^^^^^^^^^^^^^^^^^^^^^^^^^^^^^^^^^^^^^^^^^^^^^^^^^^^^^
  File "C:\Python314\Lib\logging\__init__.py", line 1520, in info
    self._log(INFO, msg, args, **kwargs)
    ~~~~~~~~~^^^^^^^^^^^^^^^^^^^^^^^^^^^
TypeError: Logger._log() got an unexpected keyword argument 'area'
------------------------------ Captured log call ------------------------------
INFO     enla.model_predictor:predictor.py:151 Generating predictions for area: comunicacion
ERROR    enla.model_predictor:predictor.py:190 Unexpected error predicting for 'comunicacion': Logger._log() got an unexpected keyword argument 'area'
Traceback (most recent call last):
  File "C:\Users\BernabeA.LAPTOP-KB1N2IHM\BERNA\UCV\VII CICLO\BUSINESS INTELLIGENCE AND BIG DATA\enla-2026-callao\src\models\predictor.py", line 157, in predict_for_area
    prediction_query = self._build_prediction_query(area)
  File "C:\Users\BernabeA.LAPTOP-KB1N2IHM\BERNA\UCV\VII CICLO\BUSINESS INTELLIGENCE AND BIG DATA\enla-2026-callao\src\models\predictor.py", line 135, in _build_prediction_query
    logger.info("Prediction query built", area=area, model_name=model_name)
    ~~~~~~~~~~~^^^^^^^^^^^^^^^^^^^^^^^^^^^^^^^^^^^^^^^^^^^^^^^^^^^^^^^^^^^^
  File "C:\Python314\Lib\logging\__init__.py", line 1520, in info
    self._log(INFO, msg, args, **kwargs)
    ~~~~~~~~~^^^^^^^^^^^^^^^^^^^^^^^^^^^
TypeError: Logger._log() got an unexpected keyword argument 'area'
C:\Users\BernabeA.LAPTOP-KB1N2IHM\BERNA\UCV\VII CICLO\BUSINESS INTELLIGENCE AND BIG DATA\enla-2026-callao\src\models\predictor.py:191: src.models.predictor.PredictionError: Unexpected error predicting for 'comunicacion': Logger._log() got an unexpected keyword argument 'area'
E   TypeError: Logger._log() got an unexpected keyword argument 'area'

During handling of the above exception, another exception occurred:
E   src.models.predictor.PredictionError: Unexpected error predicting for 'comunicacion': Logger._log() got an unexpected keyword argument 'area'
---------------------------- Captured stderr call -----------------------------
2026-05-02 00:12:46,634 - enla.model_predictor - INFO - Generating predictions for area: comunicacion
2026-05-02 00:12:46,635 - enla.model_predictor - ERROR - Unexpected error predicting for 'comunicacion': Logger._log() got an unexpected keyword argument 'area'
Traceback (most recent call last):
  File "C:\Users\BernabeA.LAPTOP-KB1N2IHM\BERNA\UCV\VII CICLO\BUSINESS INTELLIGENCE AND BIG DATA\enla-2026-callao\src\models\predictor.py", line 157, in predict_for_area
    prediction_query = self._build_prediction_query(area)
  File "C:\Users\BernabeA.LAPTOP-KB1N2IHM\BERNA\UCV\VII CICLO\BUSINESS INTELLIGENCE AND BIG DATA\enla-2026-callao\src\models\predictor.py", line 135, in _build_prediction_query
    logger.info("Prediction query built", area=area, model_name=model_name)
    ~~~~~~~~~~~^^^^^^^^^^^^^^^^^^^^^^^^^^^^^^^^^^^^^^^^^^^^^^^^^^^^^^^^^^^^
  File "C:\Python314\Lib\logging\__init__.py", line 1520, in info
    self._log(INFO, msg, args, **kwargs)
    ~~~~~~~~~^^^^^^^^^^^^^^^^^^^^^^^^^^^
TypeError: Logger._log() got an unexpected keyword argument 'area'
------------------------------ Captured log call ------------------------------
INFO     enla.model_predictor:predictor.py:151 Generating predictions for area: comunicacion
ERROR    enla.model_predictor:predictor.py:190 Unexpected error predicting for 'comunicacion': Logger._log() got an unexpected keyword argument 'area'
Traceback (most recent call last):
  File "C:\Users\BernabeA.LAPTOP-KB1N2IHM\BERNA\UCV\VII CICLO\BUSINESS INTELLIGENCE AND BIG DATA\enla-2026-callao\src\models\predictor.py", line 157, in predict_for_area
    prediction_query = self._build_prediction_query(area)
  File "C:\Users\BernabeA.LAPTOP-KB1N2IHM\BERNA\UCV\VII CICLO\BUSINESS INTELLIGENCE AND BIG DATA\enla-2026-callao\src\models\predictor.py", line 135, in _build_prediction_query
    logger.info("Prediction query built", area=area, model_name=model_name)
    ~~~~~~~~~~~^^^^^^^^^^^^^^^^^^^^^^^^^^^^^^^^^^^^^^^^^^^^^^^^^^^^^^^^^^^^
  File "C:\Python314\Lib\logging\__init__.py", line 1520, in info
    self._log(INFO, msg, args, **kwargs)
    ~~~~~~~~~^^^^^^^^^^^^^^^^^^^^^^^^^^^
TypeError: Logger._log() got an unexpected keyword argument 'area'
C:\Users\BernabeA.LAPTOP-KB1N2IHM\BERNA\UCV\VII CICLO\BUSINESS INTELLIGENCE AND BIG DATA\enla-2026-callao\src\models\predictor.py:191: src.models.predictor.PredictionError: Unexpected error predicting for 'comunicacion': Logger._log() got an unexpected keyword argument 'area'
E   TypeError: Logger._log() got an unexpected keyword argument 'areas_with_data'
---------------------------- Captured stderr call -----------------------------
2026-05-02 00:12:46,650 - enla.model_predictor - INFO - Starting predictions for all areas
2026-05-02 00:12:46,650 - enla.model_predictor - INFO - Generating predictions for area: comunicacion
2026-05-02 00:12:46,651 - enla.model_predictor - ERROR - Unexpected error predicting for 'comunicacion': Logger._log() got an unexpected keyword argument 'area'
Traceback (most recent call last):
  File "C:\Users\BernabeA.LAPTOP-KB1N2IHM\BERNA\UCV\VII CICLO\BUSINESS INTELLIGENCE AND BIG DATA\enla-2026-callao\src\models\predictor.py", line 157, in predict_for_area
    prediction_query = self._build_prediction_query(area)
  File "C:\Users\BernabeA.LAPTOP-KB1N2IHM\BERNA\UCV\VII CICLO\BUSINESS INTELLIGENCE AND BIG DATA\enla-2026-callao\src\models\predictor.py", line 135, in _build_prediction_query
    logger.info("Prediction query built", area=area, model_name=model_name)
    ~~~~~~~~~~~^^^^^^^^^^^^^^^^^^^^^^^^^^^^^^^^^^^^^^^^^^^^^^^^^^^^^^^^^^^^
  File "C:\Python314\Lib\logging\__init__.py", line 1520, in info
    self._log(INFO, msg, args, **kwargs)
    ~~~~~~~~~^^^^^^^^^^^^^^^^^^^^^^^^^^^
TypeError: Logger._log() got an unexpected keyword argument 'area'
2026-05-02 00:12:46,652 - enla.model_predictor - ERROR - Prediction error for 'comunicacion': Unexpected error predicting for 'comunicacion': Logger._log() got an unexpected keyword argument 'area'
2026-05-02 00:12:46,653 - enla.model_predictor - INFO - Generating predictions for area: matematica
2026-05-02 00:12:46,653 - enla.model_predictor - ERROR - Unexpected error predicting for 'matematica': Logger._log() got an unexpected keyword argument 'area'
Traceback (most recent call last):
  File "C:\Users\BernabeA.LAPTOP-KB1N2IHM\BERNA\UCV\VII CICLO\BUSINESS INTELLIGENCE AND BIG DATA\enla-2026-callao\src\models\predictor.py", line 157, in predict_for_area
    prediction_query = self._build_prediction_query(area)
  File "C:\Users\BernabeA.LAPTOP-KB1N2IHM\BERNA\UCV\VII CICLO\BUSINESS INTELLIGENCE AND BIG DATA\enla-2026-callao\src\models\predictor.py", line 135, in _build_prediction_query
    logger.info("Prediction query built", area=area, model_name=model_name)
    ~~~~~~~~~~~^^^^^^^^^^^^^^^^^^^^^^^^^^^^^^^^^^^^^^^^^^^^^^^^^^^^^^^^^^^^
  File "C:\Python314\Lib\logging\__init__.py", line 1520, in info
    self._log(INFO, msg, args, **kwargs)
    ~~~~~~~~~^^^^^^^^^^^^^^^^^^^^^^^^^^^
TypeError: Logger._log() got an unexpected keyword argument 'area'
2026-05-02 00:12:46,655 - enla.model_predictor - ERROR - Prediction error for 'matematica': Unexpected error predicting for 'matematica': Logger._log() got an unexpected keyword argument 'area'
2026-05-02 00:12:46,655 - enla.model_predictor - INFO - Generating predictions for area: ccss
2026-05-02 00:12:46,655 - enla.model_predictor - ERROR - Unexpected error predicting for 'ccss': Logger._log() got an unexpected keyword argument 'area'
Traceback (most recent call last):
  File "C:\Users\BernabeA.LAPTOP-KB1N2IHM\BERNA\UCV\VII CICLO\BUSINESS INTELLIGENCE AND BIG DATA\enla-2026-callao\src\models\predictor.py", line 157, in predict_for_area
    prediction_query = self._build_prediction_query(area)
  File "C:\Users\BernabeA.LAPTOP-KB1N2IHM\BERNA\UCV\VII CICLO\BUSINESS INTELLIGENCE AND BIG DATA\enla-2026-callao\src\models\predictor.py", line 135, in _build_prediction_query
    logger.info("Prediction query built", area=area, model_name=model_name)
    ~~~~~~~~~~~^^^^^^^^^^^^^^^^^^^^^^^^^^^^^^^^^^^^^^^^^^^^^^^^^^^^^^^^^^^^
  File "C:\Python314\Lib\logging\__init__.py", line 1520, in info
    self._log(INFO, msg, args, **kwargs)
    ~~~~~~~~~^^^^^^^^^^^^^^^^^^^^^^^^^^^
TypeError: Logger._log() got an unexpected keyword argument 'area'
2026-05-02 00:12:46,657 - enla.model_predictor - ERROR - Prediction error for 'ccss': Unexpected error predicting for 'ccss': Logger._log() got an unexpected keyword argument 'area'
2026-05-02 00:12:46,657 - enla.model_predictor - INFO - Generating predictions for area: cyt
2026-05-02 00:12:46,657 - enla.model_predictor - ERROR - Unexpected error predicting for 'cyt': Logger._log() got an unexpected keyword argument 'area'
Traceback (most recent call last):
  File "C:\Users\BernabeA.LAPTOP-KB1N2IHM\BERNA\UCV\VII CICLO\BUSINESS INTELLIGENCE AND BIG DATA\enla-2026-callao\src\models\predictor.py", line 157, in predict_for_area
    prediction_query = self._build_prediction_query(area)
  File "C:\Users\BernabeA.LAPTOP-KB1N2IHM\BERNA\UCV\VII CICLO\BUSINESS INTELLIGENCE AND BIG DATA\enla-2026-callao\src\models\predictor.py", line 135, in _build_prediction_query
    logger.info("Prediction query built", area=area, model_name=model_name)
    ~~~~~~~~~~~^^^^^^^^^^^^^^^^^^^^^^^^^^^^^^^^^^^^^^^^^^^^^^^^^^^^^^^^^^^^
  File "C:\Python314\Lib\logging\__init__.py", line 1520, in info
    self._log(INFO, msg, args, **kwargs)
    ~~~~~~~~~^^^^^^^^^^^^^^^^^^^^^^^^^^^
TypeError: Logger._log() got an unexpected keyword argument 'area'
2026-05-02 00:12:46,660 - enla.model_predictor - ERROR - Prediction error for 'cyt': Unexpected error predicting for 'cyt': Logger._log() got an unexpected keyword argument 'area'
------------------------------ Captured log call ------------------------------
INFO     enla.model_predictor:predictor.py:220 Starting predictions for all areas
INFO     enla.model_predictor:predictor.py:151 Generating predictions for area: comunicacion
ERROR    enla.model_predictor:predictor.py:190 Unexpected error predicting for 'comunicacion': Logger._log() got an unexpected keyword argument 'area'
Traceback (most recent call last):
  File "C:\Users\BernabeA.LAPTOP-KB1N2IHM\BERNA\UCV\VII CICLO\BUSINESS INTELLIGENCE AND BIG DATA\enla-2026-callao\src\models\predictor.py", line 157, in predict_for_area
    prediction_query = self._build_prediction_query(area)
  File "C:\Users\BernabeA.LAPTOP-KB1N2IHM\BERNA\UCV\VII CICLO\BUSINESS INTELLIGENCE AND BIG DATA\enla-2026-callao\src\models\predictor.py", line 135, in _build_prediction_query
    logger.info("Prediction query built", area=area, model_name=model_name)
    ~~~~~~~~~~~^^^^^^^^^^^^^^^^^^^^^^^^^^^^^^^^^^^^^^^^^^^^^^^^^^^^^^^^^^^^
  File "C:\Python314\Lib\logging\__init__.py", line 1520, in info
    self._log(INFO, msg, args, **kwargs)
    ~~~~~~~~~^^^^^^^^^^^^^^^^^^^^^^^^^^^
TypeError: Logger._log() got an unexpected keyword argument 'area'
ERROR    enla.model_predictor:predictor.py:230 Prediction error for 'comunicacion': Unexpected error predicting for 'comunicacion': Logger._log() got an unexpected keyword argument 'area'
INFO     enla.model_predictor:predictor.py:151 Generating predictions for area: matematica
ERROR    enla.model_predictor:predictor.py:190 Unexpected error predicting for 'matematica': Logger._log() got an unexpected keyword argument 'area'
Traceback (most recent call last):
  File "C:\Users\BernabeA.LAPTOP-KB1N2IHM\BERNA\UCV\VII CICLO\BUSINESS INTELLIGENCE AND BIG DATA\enla-2026-callao\src\models\predictor.py", line 157, in predict_for_area
    prediction_query = self._build_prediction_query(area)
  File "C:\Users\BernabeA.LAPTOP-KB1N2IHM\BERNA\UCV\VII CICLO\BUSINESS INTELLIGENCE AND BIG DATA\enla-2026-callao\src\models\predictor.py", line 135, in _build_prediction_query
    logger.info("Prediction query built", area=area, model_name=model_name)
    ~~~~~~~~~~~^^^^^^^^^^^^^^^^^^^^^^^^^^^^^^^^^^^^^^^^^^^^^^^^^^^^^^^^^^^^
  File "C:\Python314\Lib\logging\__init__.py", line 1520, in info
    self._log(INFO, msg, args, **kwargs)
    ~~~~~~~~~^^^^^^^^^^^^^^^^^^^^^^^^^^^
TypeError: Logger._log() got an unexpected keyword argument 'area'
ERROR    enla.model_predictor:predictor.py:230 Prediction error for 'matematica': Unexpected error predicting for 'matematica': Logger._log() got an unexpected keyword argument 'area'
INFO     enla.model_predictor:predictor.py:151 Generating predictions for area: ccss
ERROR    enla.model_predictor:predictor.py:190 Unexpected error predicting for 'ccss': Logger._log() got an unexpected keyword argument 'area'
Traceback (most recent call last):
  File "C:\Users\BernabeA.LAPTOP-KB1N2IHM\BERNA\UCV\VII CICLO\BUSINESS INTELLIGENCE AND BIG DATA\enla-2026-callao\src\models\predictor.py", line 157, in predict_for_area
    prediction_query = self._build_prediction_query(area)
  File "C:\Users\BernabeA.LAPTOP-KB1N2IHM\BERNA\UCV\VII CICLO\BUSINESS INTELLIGENCE AND BIG DATA\enla-2026-callao\src\models\predictor.py", line 135, in _build_prediction_query
    logger.info("Prediction query built", area=area, model_name=model_name)
    ~~~~~~~~~~~^^^^^^^^^^^^^^^^^^^^^^^^^^^^^^^^^^^^^^^^^^^^^^^^^^^^^^^^^^^^
  File "C:\Python314\Lib\logging\__init__.py", line 1520, in info
    self._log(INFO, msg, args, **kwargs)
    ~~~~~~~~~^^^^^^^^^^^^^^^^^^^^^^^^^^^
TypeError: Logger._log() got an unexpected keyword argument 'area'
ERROR    enla.model_predictor:predictor.py:230 Prediction error for 'ccss': Unexpected error predicting for 'ccss': Logger._log() got an unexpected keyword argument 'area'
INFO     enla.model_predictor:predictor.py:151 Generating predictions for area: cyt
ERROR    enla.model_predictor:predictor.py:190 Unexpected error predicting for 'cyt': Logger._log() got an unexpected keyword argument 'area'
Traceback (most recent call last):
  File "C:\Users\BernabeA.LAPTOP-KB1N2IHM\BERNA\UCV\VII CICLO\BUSINESS INTELLIGENCE AND BIG DATA\enla-2026-callao\src\models\predictor.py", line 157, in predict_for_area
    prediction_query = self._build_prediction_query(area)
  File "C:\Users\BernabeA.LAPTOP-KB1N2IHM\BERNA\UCV\VII CICLO\BUSINESS INTELLIGENCE AND BIG DATA\enla-2026-callao\src\models\predictor.py", line 135, in _build_prediction_query
    logger.info("Prediction query built", area=area, model_name=model_name)
    ~~~~~~~~~~~^^^^^^^^^^^^^^^^^^^^^^^^^^^^^^^^^^^^^^^^^^^^^^^^^^^^^^^^^^^^
  File "C:\Python314\Lib\logging\__init__.py", line 1520, in info
    self._log(INFO, msg, args, **kwargs)
    ~~~~~~~~~^^^^^^^^^^^^^^^^^^^^^^^^^^^
TypeError: Logger._log() got an unexpected keyword argument 'area'
ERROR    enla.model_predictor:predictor.py:230 Prediction error for 'cyt': Unexpected error predicting for 'cyt': Logger._log() got an unexpected keyword argument 'area'
C:\Python314\Lib\logging\__init__.py:1520: TypeError: Logger._log() got an unexpected keyword argument 'areas_with_data'
E   TypeError: Logger._log() got an unexpected keyword argument 'areas_with_data'
---------------------------- Captured stderr call -----------------------------
2026-05-02 00:12:46,665 - enla.model_predictor - INFO - Starting predictions for all areas
2026-05-02 00:12:46,665 - enla.model_predictor - INFO - Generating predictions for area: comunicacion
2026-05-02 00:12:46,666 - enla.model_predictor - ERROR - Unexpected error predicting for 'comunicacion': Logger._log() got an unexpected keyword argument 'area'
Traceback (most recent call last):
  File "C:\Users\BernabeA.LAPTOP-KB1N2IHM\BERNA\UCV\VII CICLO\BUSINESS INTELLIGENCE AND BIG DATA\enla-2026-callao\src\models\predictor.py", line 157, in predict_for_area
    prediction_query = self._build_prediction_query(area)
  File "C:\Users\BernabeA.LAPTOP-KB1N2IHM\BERNA\UCV\VII CICLO\BUSINESS INTELLIGENCE AND BIG DATA\enla-2026-callao\src\models\predictor.py", line 135, in _build_prediction_query
    logger.info("Prediction query built", area=area, model_name=model_name)
    ~~~~~~~~~~~^^^^^^^^^^^^^^^^^^^^^^^^^^^^^^^^^^^^^^^^^^^^^^^^^^^^^^^^^^^^
  File "C:\Python314\Lib\logging\__init__.py", line 1520, in info
    self._log(INFO, msg, args, **kwargs)
    ~~~~~~~~~^^^^^^^^^^^^^^^^^^^^^^^^^^^
TypeError: Logger._log() got an unexpected keyword argument 'area'
2026-05-02 00:12:46,668 - enla.model_predictor - ERROR - Prediction error for 'comunicacion': Unexpected error predicting for 'comunicacion': Logger._log() got an unexpected keyword argument 'area'
2026-05-02 00:12:46,668 - enla.model_predictor - INFO - Generating predictions for area: matematica
2026-05-02 00:12:46,668 - enla.model_predictor - ERROR - Unexpected error predicting for 'matematica': Logger._log() got an unexpected keyword argument 'area'
Traceback (most recent call last):
  File "C:\Users\BernabeA.LAPTOP-KB1N2IHM\BERNA\UCV\VII CICLO\BUSINESS INTELLIGENCE AND BIG DATA\enla-2026-callao\src\models\predictor.py", line 157, in predict_for_area
    prediction_query = self._build_prediction_query(area)
  File "C:\Users\BernabeA.LAPTOP-KB1N2IHM\BERNA\UCV\VII CICLO\BUSINESS INTELLIGENCE AND BIG DATA\enla-2026-callao\src\models\predictor.py", line 135, in _build_prediction_query
    logger.info("Prediction query built", area=area, model_name=model_name)
    ~~~~~~~~~~~^^^^^^^^^^^^^^^^^^^^^^^^^^^^^^^^^^^^^^^^^^^^^^^^^^^^^^^^^^^^
  File "C:\Python314\Lib\logging\__init__.py", line 1520, in info
    self._log(INFO, msg, args, **kwargs)
    ~~~~~~~~~^^^^^^^^^^^^^^^^^^^^^^^^^^^
TypeError: Logger._log() got an unexpected keyword argument 'area'
2026-05-02 00:12:46,670 - enla.model_predictor - ERROR - Prediction error for 'matematica': Unexpected error predicting for 'matematica': Logger._log() got an unexpected keyword argument 'area'
2026-05-02 00:12:46,671 - enla.model_predictor - INFO - Generating predictions for area: ccss
2026-05-02 00:12:46,671 - enla.model_predictor - ERROR - Unexpected error predicting for 'ccss': Logger._log() got an unexpected keyword argument 'area'
Traceback (most recent call last):
  File "C:\Users\BernabeA.LAPTOP-KB1N2IHM\BERNA\UCV\VII CICLO\BUSINESS INTELLIGENCE AND BIG DATA\enla-2026-callao\src\models\predictor.py", line 157, in predict_for_area
    prediction_query = self._build_prediction_query(area)
  File "C:\Users\BernabeA.LAPTOP-KB1N2IHM\BERNA\UCV\VII CICLO\BUSINESS INTELLIGENCE AND BIG DATA\enla-2026-callao\src\models\predictor.py", line 135, in _build_prediction_query
    logger.info("Prediction query built", area=area, model_name=model_name)
    ~~~~~~~~~~~^^^^^^^^^^^^^^^^^^^^^^^^^^^^^^^^^^^^^^^^^^^^^^^^^^^^^^^^^^^^
  File "C:\Python314\Lib\logging\__init__.py", line 1520, in info
    self._log(INFO, msg, args, **kwargs)
    ~~~~~~~~~^^^^^^^^^^^^^^^^^^^^^^^^^^^
TypeError: Logger._log() got an unexpected keyword argument 'area'
2026-05-02 00:12:46,672 - enla.model_predictor - ERROR - Prediction error for 'ccss': Unexpected error predicting for 'ccss': Logger._log() got an unexpected keyword argument 'area'
2026-05-02 00:12:46,673 - enla.model_predictor - INFO - Generating predictions for area: cyt
2026-05-02 00:12:46,673 - enla.model_predictor - ERROR - Unexpected error predicting for 'cyt': Logger._log() got an unexpected keyword argument 'area'
Traceback (most recent call last):
  File "C:\Users\BernabeA.LAPTOP-KB1N2IHM\BERNA\UCV\VII CICLO\BUSINESS INTELLIGENCE AND BIG DATA\enla-2026-callao\src\models\predictor.py", line 157, in predict_for_area
    prediction_query = self._build_prediction_query(area)
  File "C:\Users\BernabeA.LAPTOP-KB1N2IHM\BERNA\UCV\VII CICLO\BUSINESS INTELLIGENCE AND BIG DATA\enla-2026-callao\src\models\predictor.py", line 135, in _build_prediction_query
    logger.info("Prediction query built", area=area, model_name=model_name)
    ~~~~~~~~~~~^^^^^^^^^^^^^^^^^^^^^^^^^^^^^^^^^^^^^^^^^^^^^^^^^^^^^^^^^^^^
  File "C:\Python314\Lib\logging\__init__.py", line 1520, in info
    self._log(INFO, msg, args, **kwargs)
    ~~~~~~~~~^^^^^^^^^^^^^^^^^^^^^^^^^^^
TypeError: Logger._log() got an unexpected keyword argument 'area'
2026-05-02 00:12:46,675 - enla.model_predictor - ERROR - Prediction error for 'cyt': Unexpected error predicting for 'cyt': Logger._log() got an unexpected keyword argument 'area'
------------------------------ Captured log call ------------------------------
INFO     enla.model_predictor:predictor.py:220 Starting predictions for all areas
INFO     enla.model_predictor:predictor.py:151 Generating predictions for area: comunicacion
ERROR    enla.model_predictor:predictor.py:190 Unexpected error predicting for 'comunicacion': Logger._log() got an unexpected keyword argument 'area'
Traceback (most recent call last):
  File "C:\Users\BernabeA.LAPTOP-KB1N2IHM\BERNA\UCV\VII CICLO\BUSINESS INTELLIGENCE AND BIG DATA\enla-2026-callao\src\models\predictor.py", line 157, in predict_for_area
    prediction_query = self._build_prediction_query(area)
  File "C:\Users\BernabeA.LAPTOP-KB1N2IHM\BERNA\UCV\VII CICLO\BUSINESS INTELLIGENCE AND BIG DATA\enla-2026-callao\src\models\predictor.py", line 135, in _build_prediction_query
    logger.info("Prediction query built", area=area, model_name=model_name)
    ~~~~~~~~~~~^^^^^^^^^^^^^^^^^^^^^^^^^^^^^^^^^^^^^^^^^^^^^^^^^^^^^^^^^^^^
  File "C:\Python314\Lib\logging\__init__.py", line 1520, in info
    self._log(INFO, msg, args, **kwargs)
    ~~~~~~~~~^^^^^^^^^^^^^^^^^^^^^^^^^^^
TypeError: Logger._log() got an unexpected keyword argument 'area'
ERROR    enla.model_predictor:predictor.py:230 Prediction error for 'comunicacion': Unexpected error predicting for 'comunicacion': Logger._log() got an unexpected keyword argument 'area'
INFO     enla.model_predictor:predictor.py:151 Generating predictions for area: matematica
ERROR    enla.model_predictor:predictor.py:190 Unexpected error predicting for 'matematica': Logger._log() got an unexpected keyword argument 'area'
Traceback (most recent call last):
  File "C:\Users\BernabeA.LAPTOP-KB1N2IHM\BERNA\UCV\VII CICLO\BUSINESS INTELLIGENCE AND BIG DATA\enla-2026-callao\src\models\predictor.py", line 157, in predict_for_area
    prediction_query = self._build_prediction_query(area)
  File "C:\Users\BernabeA.LAPTOP-KB1N2IHM\BERNA\UCV\VII CICLO\BUSINESS INTELLIGENCE AND BIG DATA\enla-2026-callao\src\models\predictor.py", line 135, in _build_prediction_query
    logger.info("Prediction query built", area=area, model_name=model_name)
    ~~~~~~~~~~~^^^^^^^^^^^^^^^^^^^^^^^^^^^^^^^^^^^^^^^^^^^^^^^^^^^^^^^^^^^^
  File "C:\Python314\Lib\logging\__init__.py", line 1520, in info
    self._log(INFO, msg, args, **kwargs)
    ~~~~~~~~~^^^^^^^^^^^^^^^^^^^^^^^^^^^
TypeError: Logger._log() got an unexpected keyword argument 'area'
ERROR    enla.model_predictor:predictor.py:230 Prediction error for 'matematica': Unexpected error predicting for 'matematica': Logger._log() got an unexpected keyword argument 'area'
INFO     enla.model_predictor:predictor.py:151 Generating predictions for area: ccss
ERROR    enla.model_predictor:predictor.py:190 Unexpected error predicting for 'ccss': Logger._log() got an unexpected keyword argument 'area'
Traceback (most recent call last):
  File "C:\Users\BernabeA.LAPTOP-KB1N2IHM\BERNA\UCV\VII CICLO\BUSINESS INTELLIGENCE AND BIG DATA\enla-2026-callao\src\models\predictor.py", line 157, in predict_for_area
    prediction_query = self._build_prediction_query(area)
  File "C:\Users\BernabeA.LAPTOP-KB1N2IHM\BERNA\UCV\VII CICLO\BUSINESS INTELLIGENCE AND BIG DATA\enla-2026-callao\src\models\predictor.py", line 135, in _build_prediction_query
    logger.info("Prediction query built", area=area, model_name=model_name)
    ~~~~~~~~~~~^^^^^^^^^^^^^^^^^^^^^^^^^^^^^^^^^^^^^^^^^^^^^^^^^^^^^^^^^^^^
  File "C:\Python314\Lib\logging\__init__.py", line 1520, in info
    self._log(INFO, msg, args, **kwargs)
    ~~~~~~~~~^^^^^^^^^^^^^^^^^^^^^^^^^^^
TypeError: Logger._log() got an unexpected keyword argument 'area'
ERROR    enla.model_predictor:predictor.py:230 Prediction error for 'ccss': Unexpected error predicting for 'ccss': Logger._log() got an unexpected keyword argument 'area'
INFO     enla.model_predictor:predictor.py:151 Generating predictions for area: cyt
ERROR    enla.model_predictor:predictor.py:190 Unexpected error predicting for 'cyt': Logger._log() got an unexpected keyword argument 'area'
Traceback (most recent call last):
  File "C:\Users\BernabeA.LAPTOP-KB1N2IHM\BERNA\UCV\VII CICLO\BUSINESS INTELLIGENCE AND BIG DATA\enla-2026-callao\src\models\predictor.py", line 157, in predict_for_area
    prediction_query = self._build_prediction_query(area)
  File "C:\Users\BernabeA.LAPTOP-KB1N2IHM\BERNA\UCV\VII CICLO\BUSINESS INTELLIGENCE AND BIG DATA\enla-2026-callao\src\models\predictor.py", line 135, in _build_prediction_query
    logger.info("Prediction query built", area=area, model_name=model_name)
    ~~~~~~~~~~~^^^^^^^^^^^^^^^^^^^^^^^^^^^^^^^^^^^^^^^^^^^^^^^^^^^^^^^^^^^^
  File "C:\Python314\Lib\logging\__init__.py", line 1520, in info
    self._log(INFO, msg, args, **kwargs)
    ~~~~~~~~~^^^^^^^^^^^^^^^^^^^^^^^^^^^
TypeError: Logger._log() got an unexpected keyword argument 'area'
ERROR    enla.model_predictor:predictor.py:230 Prediction error for 'cyt': Unexpected error predicting for 'cyt': Logger._log() got an unexpected keyword argument 'area'
C:\Python314\Lib\logging\__init__.py:1520: TypeError: Logger._log() got an unexpected keyword argument 'areas_with_data'
E   TypeError: Logger._log() got an unexpected keyword argument 'rows'

During handling of the above exception, another exception occurred:
E   src.models.predictor.PredictionError: Unexpected error saving predictions: Logger._log() got an unexpected keyword argument 'rows'
---------------------------- Captured stderr call -----------------------------
2026-05-02 00:12:46,682 - enla.model_predictor - INFO - Saving predictions to BigQuery
2026-05-02 00:12:46,685 - enla.model_predictor - ERROR - Unexpected error saving predictions: Logger._log() got an unexpected keyword argument 'rows'
Traceback (most recent call last):
  File "C:\Users\BernabeA.LAPTOP-KB1N2IHM\BERNA\UCV\VII CICLO\BUSINESS INTELLIGENCE AND BIG DATA\enla-2026-callao\src\models\predictor.py", line 312, in save_predictions
    logger.info("Loading predictions to BigQuery", rows=len(predictions_df))
    ~~~~~~~~~~~^^^^^^^^^^^^^^^^^^^^^^^^^^^^^^^^^^^^^^^^^^^^^^^^^^^^^^^^^^^^^
  File "C:\Python314\Lib\logging\__init__.py", line 1520, in info
    self._log(INFO, msg, args, **kwargs)
    ~~~~~~~~~^^^^^^^^^^^^^^^^^^^^^^^^^^^
TypeError: Logger._log() got an unexpected keyword argument 'rows'
------------------------------ Captured log call ------------------------------
INFO     enla.model_predictor:predictor.py:254 Saving predictions to BigQuery
ERROR    enla.model_predictor:predictor.py:338 Unexpected error saving predictions: Logger._log() got an unexpected keyword argument 'rows'
Traceback (most recent call last):
  File "C:\Users\BernabeA.LAPTOP-KB1N2IHM\BERNA\UCV\VII CICLO\BUSINESS INTELLIGENCE AND BIG DATA\enla-2026-callao\src\models\predictor.py", line 312, in save_predictions
    logger.info("Loading predictions to BigQuery", rows=len(predictions_df))
    ~~~~~~~~~~~^^^^^^^^^^^^^^^^^^^^^^^^^^^^^^^^^^^^^^^^^^^^^^^^^^^^^^^^^^^^^
  File "C:\Python314\Lib\logging\__init__.py", line 1520, in info
    self._log(INFO, msg, args, **kwargs)
    ~~~~~~~~~^^^^^^^^^^^^^^^^^^^^^^^^^^^
TypeError: Logger._log() got an unexpected keyword argument 'rows'
C:\Users\BernabeA.LAPTOP-KB1N2IHM\BERNA\UCV\VII CICLO\BUSINESS INTELLIGENCE AND BIG DATA\enla-2026-callao\src\models\predictor.py:339: src.models.predictor.PredictionError: Unexpected error saving predictions: Logger._log() got an unexpected keyword argument 'rows'
E   TypeError: Logger._log() got an unexpected keyword argument 'total_predictions'

During handling of the above exception, another exception occurred:
E   src.models.predictor.PredictionError: Unexpected error getting predictions summary: Logger._log() got an unexpected keyword argument 'total_predictions'
---------------------------- Captured stderr call -----------------------------
2026-05-02 00:12:46,706 - enla.model_predictor - INFO - Getting predictions summary
2026-05-02 00:12:46,708 - enla.model_predictor - ERROR - Unexpected error getting predictions summary: Logger._log() got an unexpected keyword argument 'total_predictions'
Traceback (most recent call last):
  File "C:\Users\BernabeA.LAPTOP-KB1N2IHM\BERNA\UCV\VII CICLO\BUSINESS INTELLIGENCE AND BIG DATA\enla-2026-callao\src\models\predictor.py", line 405, in get_predictions_summary
    logger.info("Predictions summary retrieved",
    ~~~~~~~~~~~^^^^^^^^^^^^^^^^^^^^^^^^^^^^^^^^^
                total_predictions=overall_total,
                ^^^^^^^^^^^^^^^^^^^^^^^^^^^^^^^^
                risk_distribution=summary['risk_distribution'])
                ^^^^^^^^^^^^^^^^^^^^^^^^^^^^^^^^^^^^^^^^^^^^^^^
  File "C:\Python314\Lib\logging\__init__.py", line 1520, in info
    self._log(INFO, msg, args, **kwargs)
    ~~~~~~~~~^^^^^^^^^^^^^^^^^^^^^^^^^^^
TypeError: Logger._log() got an unexpected keyword argument 'total_predictions'
------------------------------ Captured log call ------------------------------
INFO     enla.model_predictor:predictor.py:348 Getting predictions summary
ERROR    enla.model_predictor:predictor.py:418 Unexpected error getting predictions summary: Logger._log() got an unexpected keyword argument 'total_predictions'
Traceback (most recent call last):
  File "C:\Users\BernabeA.LAPTOP-KB1N2IHM\BERNA\UCV\VII CICLO\BUSINESS INTELLIGENCE AND BIG DATA\enla-2026-callao\src\models\predictor.py", line 405, in get_predictions_summary
    logger.info("Predictions summary retrieved",
    ~~~~~~~~~~~^^^^^^^^^^^^^^^^^^^^^^^^^^^^^^^^^
                total_predictions=overall_total,
                ^^^^^^^^^^^^^^^^^^^^^^^^^^^^^^^^
                risk_distribution=summary['risk_distribution'])
                ^^^^^^^^^^^^^^^^^^^^^^^^^^^^^^^^^^^^^^^^^^^^^^^
  File "C:\Python314\Lib\logging\__init__.py", line 1520, in info
    self._log(INFO, msg, args, **kwargs)
    ~~~~~~~~~^^^^^^^^^^^^^^^^^^^^^^^^^^^
TypeError: Logger._log() got an unexpected keyword argument 'total_predictions'
C:\Users\BernabeA.LAPTOP-KB1N2IHM\BERNA\UCV\VII CICLO\BUSINESS INTELLIGENCE AND BIG DATA\enla-2026-callao\src\models\predictor.py:419: src.models.predictor.PredictionError: Unexpected error getting predictions summary: Logger._log() got an unexpected keyword argument 'total_predictions'
E   TypeError: Logger._log() got an unexpected keyword argument 'total_predictions'

During handling of the above exception, another exception occurred:
E   src.models.predictor.PredictionError: Unexpected error getting predictions summary: Logger._log() got an unexpected keyword argument 'total_predictions'
---------------------------- Captured stderr call -----------------------------
2026-05-02 00:12:46,723 - enla.model_predictor - INFO - Getting predictions summary
2026-05-02 00:12:46,725 - enla.model_predictor - ERROR - Unexpected error getting predictions summary: Logger._log() got an unexpected keyword argument 'total_predictions'
Traceback (most recent call last):
  File "C:\Users\BernabeA.LAPTOP-KB1N2IHM\BERNA\UCV\VII CICLO\BUSINESS INTELLIGENCE AND BIG DATA\enla-2026-callao\src\models\predictor.py", line 405, in get_predictions_summary
    logger.info("Predictions summary retrieved",
    ~~~~~~~~~~~^^^^^^^^^^^^^^^^^^^^^^^^^^^^^^^^^
                total_predictions=overall_total,
                ^^^^^^^^^^^^^^^^^^^^^^^^^^^^^^^^
                risk_distribution=summary['risk_distribution'])
                ^^^^^^^^^^^^^^^^^^^^^^^^^^^^^^^^^^^^^^^^^^^^^^^
  File "C:\Python314\Lib\logging\__init__.py", line 1520, in info
    self._log(INFO, msg, args, **kwargs)
    ~~~~~~~~~^^^^^^^^^^^^^^^^^^^^^^^^^^^
TypeError: Logger._log() got an unexpected keyword argument 'total_predictions'
------------------------------ Captured log call ------------------------------
INFO     enla.model_predictor:predictor.py:348 Getting predictions summary
ERROR    enla.model_predictor:predictor.py:418 Unexpected error getting predictions summary: Logger._log() got an unexpected keyword argument 'total_predictions'
Traceback (most recent call last):
  File "C:\Users\BernabeA.LAPTOP-KB1N2IHM\BERNA\UCV\VII CICLO\BUSINESS INTELLIGENCE AND BIG DATA\enla-2026-callao\src\models\predictor.py", line 405, in get_predictions_summary
    logger.info("Predictions summary retrieved",
    ~~~~~~~~~~~^^^^^^^^^^^^^^^^^^^^^^^^^^^^^^^^^
                total_predictions=overall_total,
                ^^^^^^^^^^^^^^^^^^^^^^^^^^^^^^^^
                risk_distribution=summary['risk_distribution'])
                ^^^^^^^^^^^^^^^^^^^^^^^^^^^^^^^^^^^^^^^^^^^^^^^
  File "C:\Python314\Lib\logging\__init__.py", line 1520, in info
    self._log(INFO, msg, args, **kwargs)
    ~~~~~~~~~^^^^^^^^^^^^^^^^^^^^^^^^^^^
TypeError: Logger._log() got an unexpected keyword argument 'total_predictions'
C:\Users\BernabeA.LAPTOP-KB1N2IHM\BERNA\UCV\VII CICLO\BUSINESS INTELLIGENCE AND BIG DATA\enla-2026-callao\src\models\predictor.py:419: src.models.predictor.PredictionError: Unexpected error getting predictions summary: Logger._log() got an unexpected keyword argument 'total_predictions'
E   TypeError: Logger._log() got an unexpected keyword argument 'total_predictions'

During handling of the above exception, another exception occurred:
E   src.models.predictor.PredictionError: Unexpected error getting predictions summary: Logger._log() got an unexpected keyword argument 'total_predictions'
---------------------------- Captured stderr call -----------------------------
2026-05-02 00:12:46,734 - enla.model_predictor - INFO - Getting predictions summary
2026-05-02 00:12:46,736 - enla.model_predictor - ERROR - Unexpected error getting predictions summary: Logger._log() got an unexpected keyword argument 'total_predictions'
Traceback (most recent call last):
  File "C:\Users\BernabeA.LAPTOP-KB1N2IHM\BERNA\UCV\VII CICLO\BUSINESS INTELLIGENCE AND BIG DATA\enla-2026-callao\src\models\predictor.py", line 405, in get_predictions_summary
    logger.info("Predictions summary retrieved",
    ~~~~~~~~~~~^^^^^^^^^^^^^^^^^^^^^^^^^^^^^^^^^
                total_predictions=overall_total,
                ^^^^^^^^^^^^^^^^^^^^^^^^^^^^^^^^
                risk_distribution=summary['risk_distribution'])
                ^^^^^^^^^^^^^^^^^^^^^^^^^^^^^^^^^^^^^^^^^^^^^^^
  File "C:\Python314\Lib\logging\__init__.py", line 1520, in info
    self._log(INFO, msg, args, **kwargs)
    ~~~~~~~~~^^^^^^^^^^^^^^^^^^^^^^^^^^^
TypeError: Logger._log() got an unexpected keyword argument 'total_predictions'
------------------------------ Captured log call ------------------------------
INFO     enla.model_predictor:predictor.py:348 Getting predictions summary
ERROR    enla.model_predictor:predictor.py:418 Unexpected error getting predictions summary: Logger._log() got an unexpected keyword argument 'total_predictions'
Traceback (most recent call last):
  File "C:\Users\BernabeA.LAPTOP-KB1N2IHM\BERNA\UCV\VII CICLO\BUSINESS INTELLIGENCE AND BIG DATA\enla-2026-callao\src\models\predictor.py", line 405, in get_predictions_summary
    logger.info("Predictions summary retrieved",
    ~~~~~~~~~~~^^^^^^^^^^^^^^^^^^^^^^^^^^^^^^^^^
                total_predictions=overall_total,
                ^^^^^^^^^^^^^^^^^^^^^^^^^^^^^^^^
                risk_distribution=summary['risk_distribution'])
                ^^^^^^^^^^^^^^^^^^^^^^^^^^^^^^^^^^^^^^^^^^^^^^^
  File "C:\Python314\Lib\logging\__init__.py", line 1520, in info
    self._log(INFO, msg, args, **kwargs)
    ~~~~~~~~~^^^^^^^^^^^^^^^^^^^^^^^^^^^
TypeError: Logger._log() got an unexpected keyword argument 'total_predictions'
C:\Users\BernabeA.LAPTOP-KB1N2IHM\BERNA\UCV\VII CICLO\BUSINESS INTELLIGENCE AND BIG DATA\enla-2026-callao\src\models\predictor.py:419: src.models.predictor.PredictionError: Unexpected error getting predictions summary: Logger._log() got an unexpected keyword argument 'total_predictions'
E   AssertionError: assert 'failed' == 'success'
      
      - success
      + failed
---------------------------- Captured stderr call -----------------------------
2026-05-02 00:12:46,747 - enla.model_predictor - INFO - ============================================================
2026-05-02 00:12:46,747 - enla.model_predictor - INFO - Starting Full Prediction Pipeline
2026-05-02 00:12:46,747 - enla.model_predictor - INFO - Model version: v1
2026-05-02 00:12:46,747 - enla.model_predictor - INFO - ============================================================
2026-05-02 00:12:46,748 - enla.model_predictor - INFO - All models verified
2026-05-02 00:12:46,748 - enla.model_predictor - INFO - Starting predictions for all areas
2026-05-02 00:12:46,748 - enla.model_predictor - INFO - Generating predictions for area: comunicacion
2026-05-02 00:12:46,749 - enla.model_predictor - ERROR - Unexpected error predicting for 'comunicacion': Logger._log() got an unexpected keyword argument 'area'
Traceback (most recent call last):
  File "C:\Users\BernabeA.LAPTOP-KB1N2IHM\BERNA\UCV\VII CICLO\BUSINESS INTELLIGENCE AND BIG DATA\enla-2026-callao\src\models\predictor.py", line 157, in predict_for_area
    prediction_query = self._build_prediction_query(area)
  File "C:\Users\BernabeA.LAPTOP-KB1N2IHM\BERNA\UCV\VII CICLO\BUSINESS INTELLIGENCE AND BIG DATA\enla-2026-callao\src\models\predictor.py", line 135, in _build_prediction_query
    logger.info("Prediction query built", area=area, model_name=model_name)
    ~~~~~~~~~~~^^^^^^^^^^^^^^^^^^^^^^^^^^^^^^^^^^^^^^^^^^^^^^^^^^^^^^^^^^^^
  File "C:\Python314\Lib\logging\__init__.py", line 1520, in info
    self._log(INFO, msg, args, **kwargs)
    ~~~~~~~~~^^^^^^^^^^^^^^^^^^^^^^^^^^^
TypeError: Logger._log() got an unexpected keyword argument 'area'
2026-05-02 00:12:46,750 - enla.model_predictor - ERROR - Prediction error for 'comunicacion': Unexpected error predicting for 'comunicacion': Logger._log() got an unexpected keyword argument 'area'
2026-05-02 00:12:46,751 - enla.model_predictor - INFO - Generating predictions for area: matematica
2026-05-02 00:12:46,751 - enla.model_predictor - ERROR - Unexpected error predicting for 'matematica': Logger._log() got an unexpected keyword argument 'area'
Traceback (most recent call last):
  File "C:\Users\BernabeA.LAPTOP-KB1N2IHM\BERNA\UCV\VII CICLO\BUSINESS INTELLIGENCE AND BIG DATA\enla-2026-callao\src\models\predictor.py", line 157, in predict_for_area
    prediction_query = self._build_prediction_query(area)
  File "C:\Users\BernabeA.LAPTOP-KB1N2IHM\BERNA\UCV\VII CICLO\BUSINESS INTELLIGENCE AND BIG DATA\enla-2026-callao\src\models\predictor.py", line 135, in _build_prediction_query
    logger.info("Prediction query built", area=area, model_name=model_name)
    ~~~~~~~~~~~^^^^^^^^^^^^^^^^^^^^^^^^^^^^^^^^^^^^^^^^^^^^^^^^^^^^^^^^^^^^
  File "C:\Python314\Lib\logging\__init__.py", line 1520, in info
    self._log(INFO, msg, args, **kwargs)
    ~~~~~~~~~^^^^^^^^^^^^^^^^^^^^^^^^^^^
TypeError: Logger._log() got an unexpected keyword argument 'area'
2026-05-02 00:12:46,753 - enla.model_predictor - ERROR - Prediction error for 'matematica': Unexpected error predicting for 'matematica': Logger._log() got an unexpected keyword argument 'area'
2026-05-02 00:12:46,754 - enla.model_predictor - INFO - Generating predictions for area: ccss
2026-05-02 00:12:46,754 - enla.model_predictor - ERROR - Unexpected error predicting for 'ccss': Logger._log() got an unexpected keyword argument 'area'
Traceback (most recent call last):
  File "C:\Users\BernabeA.LAPTOP-KB1N2IHM\BERNA\UCV\VII CICLO\BUSINESS INTELLIGENCE AND BIG DATA\enla-2026-callao\src\models\predictor.py", line 157, in predict_for_area
    prediction_query = self._build_prediction_query(area)
  File "C:\Users\BernabeA.LAPTOP-KB1N2IHM\BERNA\UCV\VII CICLO\BUSINESS INTELLIGENCE AND BIG DATA\enla-2026-callao\src\models\predictor.py", line 135, in _build_prediction_query
    logger.info("Prediction query built", area=area, model_name=model_name)
    ~~~~~~~~~~~^^^^^^^^^^^^^^^^^^^^^^^^^^^^^^^^^^^^^^^^^^^^^^^^^^^^^^^^^^^^
  File "C:\Python314\Lib\logging\__init__.py", line 1520, in info
    self._log(INFO, msg, args, **kwargs)
    ~~~~~~~~~^^^^^^^^^^^^^^^^^^^^^^^^^^^
TypeError: Logger._log() got an unexpected keyword argument 'area'
2026-05-02 00:12:46,756 - enla.model_predictor - ERROR - Prediction error for 'ccss': Unexpected error predicting for 'ccss': Logger._log() got an unexpected keyword argument 'area'
2026-05-02 00:12:46,757 - enla.model_predictor - INFO - Generating predictions for area: cyt
2026-05-02 00:12:46,757 - enla.model_predictor - ERROR - Unexpected error predicting for 'cyt': Logger._log() got an unexpected keyword argument 'area'
Traceback (most recent call last):
  File "C:\Users\BernabeA.LAPTOP-KB1N2IHM\BERNA\UCV\VII CICLO\BUSINESS INTELLIGENCE AND BIG DATA\enla-2026-callao\src\models\predictor.py", line 157, in predict_for_area
    prediction_query = self._build_prediction_query(area)
  File "C:\Users\BernabeA.LAPTOP-KB1N2IHM\BERNA\UCV\VII CICLO\BUSINESS INTELLIGENCE AND BIG DATA\enla-2026-callao\src\models\predictor.py", line 135, in _build_prediction_query
    logger.info("Prediction query built", area=area, model_name=model_name)
    ~~~~~~~~~~~^^^^^^^^^^^^^^^^^^^^^^^^^^^^^^^^^^^^^^^^^^^^^^^^^^^^^^^^^^^^
  File "C:\Python314\Lib\logging\__init__.py", line 1520, in info
    self._log(INFO, msg, args, **kwargs)
    ~~~~~~~~~^^^^^^^^^^^^^^^^^^^^^^^^^^^
TypeError: Logger._log() got an unexpected keyword argument 'area'
2026-05-02 00:12:46,759 - enla.model_predictor - ERROR - Prediction error for 'cyt': Unexpected error predicting for 'cyt': Logger._log() got an unexpected keyword argument 'area'
2026-05-02 00:12:46,759 - enla.model_predictor - ERROR - Unexpected pipeline error: Logger._log() got an unexpected keyword argument 'areas_with_data'
Traceback (most recent call last):
  File "C:\Users\BernabeA.LAPTOP-KB1N2IHM\BERNA\UCV\VII CICLO\BUSINESS INTELLIGENCE AND BIG DATA\enla-2026-callao\src\models\predictor.py", line 469, in run_full_prediction_pipeline
    predictions = self.predict_all_areas()
  File "C:\Users\BernabeA.LAPTOP-KB1N2IHM\BERNA\UCV\VII CICLO\BUSINESS INTELLIGENCE AND BIG DATA\enla-2026-callao\src\models\predictor.py", line 238, in predict_all_areas
    logger.info("All area predictions generated",
    ~~~~~~~~~~~^^^^^^^^^^^^^^^^^^^^^^^^^^^^^^^^^^
                areas_with_data=sum(1 for df in results.values() if not df.empty),
                ^^^^^^^^^^^^^^^^^^^^^^^^^^^^^^^^^^^^^^^^^^^^^^^^^^^^^^^^^^^^^^^^^^
                errors=len(errors))
                ^^^^^^^^^^^^^^^^^^^
  File "C:\Python314\Lib\logging\__init__.py", line 1520, in info
    self._log(INFO, msg, args, **kwargs)
    ~~~~~~~~~^^^^^^^^^^^^^^^^^^^^^^^^^^^
TypeError: Logger._log() got an unexpected keyword argument 'areas_with_data'
------------------------------ Captured log call ------------------------------
INFO     enla.model_predictor:predictor.py:437 ============================================================
INFO     enla.model_predictor:predictor.py:438 Starting Full Prediction Pipeline
INFO     enla.model_predictor:predictor.py:439 Model version: v1
INFO     enla.model_predictor:predictor.py:440 ============================================================
INFO     enla.model_predictor:predictor.py:466 All models verified
INFO     enla.model_predictor:predictor.py:220 Starting predictions for all areas
INFO     enla.model_predictor:predictor.py:151 Generating predictions for area: comunicacion
ERROR    enla.model_predictor:predictor.py:190 Unexpected error predicting for 'comunicacion': Logger._log() got an unexpected keyword argument 'area'
Traceback (most recent call last):
  File "C:\Users\BernabeA.LAPTOP-KB1N2IHM\BERNA\UCV\VII CICLO\BUSINESS INTELLIGENCE AND BIG DATA\enla-2026-callao\src\models\predictor.py", line 157, in predict_for_area
    prediction_query = self._build_prediction_query(area)
  File "C:\Users\BernabeA.LAPTOP-KB1N2IHM\BERNA\UCV\VII CICLO\BUSINESS INTELLIGENCE AND BIG DATA\enla-2026-callao\src\models\predictor.py", line 135, in _build_prediction_query
    logger.info("Prediction query built", area=area, model_name=model_name)
    ~~~~~~~~~~~^^^^^^^^^^^^^^^^^^^^^^^^^^^^^^^^^^^^^^^^^^^^^^^^^^^^^^^^^^^^
  File "C:\Python314\Lib\logging\__init__.py", line 1520, in info
    self._log(INFO, msg, args, **kwargs)
    ~~~~~~~~~^^^^^^^^^^^^^^^^^^^^^^^^^^^
TypeError: Logger._log() got an unexpected keyword argument 'area'
ERROR    enla.model_predictor:predictor.py:230 Prediction error for 'comunicacion': Unexpected error predicting for 'comunicacion': Logger._log() got an unexpected keyword argument 'area'
INFO     enla.model_predictor:predictor.py:151 Generating predictions for area: matematica
ERROR    enla.model_predictor:predictor.py:190 Unexpected error predicting for 'matematica': Logger._log() got an unexpected keyword argument 'area'
Traceback (most recent call last):
  File "C:\Users\BernabeA.LAPTOP-KB1N2IHM\BERNA\UCV\VII CICLO\BUSINESS INTELLIGENCE AND BIG DATA\enla-2026-callao\src\models\predictor.py", line 157, in predict_for_area
    prediction_query = self._build_prediction_query(area)
  File "C:\Users\BernabeA.LAPTOP-KB1N2IHM\BERNA\UCV\VII CICLO\BUSINESS INTELLIGENCE AND BIG DATA\enla-2026-callao\src\models\predictor.py", line 135, in _build_prediction_query
    logger.info("Prediction query built", area=area, model_name=model_name)
    ~~~~~~~~~~~^^^^^^^^^^^^^^^^^^^^^^^^^^^^^^^^^^^^^^^^^^^^^^^^^^^^^^^^^^^^
  File "C:\Python314\Lib\logging\__init__.py", line 1520, in info
    self._log(INFO, msg, args, **kwargs)
    ~~~~~~~~~^^^^^^^^^^^^^^^^^^^^^^^^^^^
TypeError: Logger._log() got an unexpected keyword argument 'area'
ERROR    enla.model_predictor:predictor.py:230 Prediction error for 'matematica': Unexpected error predicting for 'matematica': Logger._log() got an unexpected keyword argument 'area'
INFO     enla.model_predictor:predictor.py:151 Generating predictions for area: ccss
ERROR    enla.model_predictor:predictor.py:190 Unexpected error predicting for 'ccss': Logger._log() got an unexpected keyword argument 'area'
Traceback (most recent call last):
  File "C:\Users\BernabeA.LAPTOP-KB1N2IHM\BERNA\UCV\VII CICLO\BUSINESS INTELLIGENCE AND BIG DATA\enla-2026-callao\src\models\predictor.py", line 157, in predict_for_area
    prediction_query = self._build_prediction_query(area)
  File "C:\Users\BernabeA.LAPTOP-KB1N2IHM\BERNA\UCV\VII CICLO\BUSINESS INTELLIGENCE AND BIG DATA\enla-2026-callao\src\models\predictor.py", line 135, in _build_prediction_query
    logger.info("Prediction query built", area=area, model_name=model_name)
    ~~~~~~~~~~~^^^^^^^^^^^^^^^^^^^^^^^^^^^^^^^^^^^^^^^^^^^^^^^^^^^^^^^^^^^^
  File "C:\Python314\Lib\logging\__init__.py", line 1520, in info
    self._log(INFO, msg, args, **kwargs)
    ~~~~~~~~~^^^^^^^^^^^^^^^^^^^^^^^^^^^
TypeError: Logger._log() got an unexpected keyword argument 'area'
ERROR    enla.model_predictor:predictor.py:230 Prediction error for 'ccss': Unexpected error predicting for 'ccss': Logger._log() got an unexpected keyword argument 'area'
INFO     enla.model_predictor:predictor.py:151 Generating predictions for area: cyt
ERROR    enla.model_predictor:predictor.py:190 Unexpected error predicting for 'cyt': Logger._log() got an unexpected keyword argument 'area'
Traceback (most recent call last):
  File "C:\Users\BernabeA.LAPTOP-KB1N2IHM\BERNA\UCV\VII CICLO\BUSINESS INTELLIGENCE AND BIG DATA\enla-2026-callao\src\models\predictor.py", line 157, in predict_for_area
    prediction_query = self._build_prediction_query(area)
  File "C:\Users\BernabeA.LAPTOP-KB1N2IHM\BERNA\UCV\VII CICLO\BUSINESS INTELLIGENCE AND BIG DATA\enla-2026-callao\src\models\predictor.py", line 135, in _build_prediction_query
    logger.info("Prediction query built", area=area, model_name=model_name)
    ~~~~~~~~~~~^^^^^^^^^^^^^^^^^^^^^^^^^^^^^^^^^^^^^^^^^^^^^^^^^^^^^^^^^^^^
  File "C:\Python314\Lib\logging\__init__.py", line 1520, in info
    self._log(INFO, msg, args, **kwargs)
    ~~~~~~~~~^^^^^^^^^^^^^^^^^^^^^^^^^^^
TypeError: Logger._log() got an unexpected keyword argument 'area'
ERROR    enla.model_predictor:predictor.py:230 Prediction error for 'cyt': Unexpected error predicting for 'cyt': Logger._log() got an unexpected keyword argument 'area'
ERROR    enla.model_predictor:predictor.py:519 Unexpected pipeline error: Logger._log() got an unexpected keyword argument 'areas_with_data'
Traceback (most recent call last):
  File "C:\Users\BernabeA.LAPTOP-KB1N2IHM\BERNA\UCV\VII CICLO\BUSINESS INTELLIGENCE AND BIG DATA\enla-2026-callao\src\models\predictor.py", line 469, in run_full_prediction_pipeline
    predictions = self.predict_all_areas()
  File "C:\Users\BernabeA.LAPTOP-KB1N2IHM\BERNA\UCV\VII CICLO\BUSINESS INTELLIGENCE AND BIG DATA\enla-2026-callao\src\models\predictor.py", line 238, in predict_all_areas
    logger.info("All area predictions generated",
    ~~~~~~~~~~~^^^^^^^^^^^^^^^^^^^^^^^^^^^^^^^^^^
                areas_with_data=sum(1 for df in results.values() if not df.empty),
                ^^^^^^^^^^^^^^^^^^^^^^^^^^^^^^^^^^^^^^^^^^^^^^^^^^^^^^^^^^^^^^^^^^
                errors=len(errors))
                ^^^^^^^^^^^^^^^^^^^
  File "C:\Python314\Lib\logging\__init__.py", line 1520, in info
    self._log(INFO, msg, args, **kwargs)
    ~~~~~~~~~^^^^^^^^^^^^^^^^^^^^^^^^^^^
TypeError: Logger._log() got an unexpected keyword argument 'areas_with_data'
C:\Users\BernabeA.LAPTOP-KB1N2IHM\BERNA\UCV\VII CICLO\BUSINESS INTELLIGENCE AND BIG DATA\enla-2026-callao\tests\unit\test_predictor.py:424: AssertionError: assert 'failed' == 'success'
E   TypeError: Logger._log() got an unexpected keyword argument 'area'
C:\Python314\Lib\logging\__init__.py:1520: TypeError: Logger._log() got an unexpected keyword argument 'area'
E   TypeError: Logger._log() got an unexpected keyword argument 'area'
C:\Python314\Lib\logging\__init__.py:1520: TypeError: Logger._log() got an unexpected keyword argument 'area'
E   TypeError: Logger._log() got an unexpected keyword argument 'area'
C:\Python314\Lib\logging\__init__.py:1520: TypeError: Logger._log() got an unexpected keyword argument 'area'
E   TypeError: Logger._log() got an unexpected keyword argument 'area'
C:\Python314\Lib\logging\__init__.py:1520: TypeError: Logger._log() got an unexpected keyword argument 'area'
E   TypeError: Logger._log() got an unexpected keyword argument 'area'
C:\Python314\Lib\logging\__init__.py:1520: TypeError: Logger._log() got an unexpected keyword argument 'area'
E   TypeError: Logger._log() got an unexpected keyword argument 'area'
C:\Python314\Lib\logging\__init__.py:1520: TypeError: Logger._log() got an unexpected keyword argument 'area'
E   TypeError: Logger._log() got an unexpected keyword argument 'area'
C:\Python314\Lib\logging\__init__.py:1520: TypeError: Logger._log() got an unexpected keyword argument 'area'
E   AssertionError: assert 'failed' == 'success'
      
      - success
      + failed
---------------------------- Captured stderr call -----------------------------
2026-05-02 00:12:46,842 - enla.model_trainer - INFO - Starting model training for area: comunicacion
2026-05-02 00:12:46,843 - enla.model_trainer - ERROR - Unexpected error training model for 'comunicacion': Logger._log() got an unexpected keyword argument 'area'
Traceback (most recent call last):
  File "C:\Users\BernabeA.LAPTOP-KB1N2IHM\BERNA\UCV\VII CICLO\BUSINESS INTELLIGENCE AND BIG DATA\enla-2026-callao\src\models\trainer.py", line 208, in train_model_for_area
    training_query = self._build_training_query(area)
  File "C:\Users\BernabeA.LAPTOP-KB1N2IHM\BERNA\UCV\VII CICLO\BUSINESS INTELLIGENCE AND BIG DATA\enla-2026-callao\src\models\trainer.py", line 174, in _build_training_query
    logger.info("Training query built", area=area, model_name=model_name)
    ~~~~~~~~~~~^^^^^^^^^^^^^^^^^^^^^^^^^^^^^^^^^^^^^^^^^^^^^^^^^^^^^^^^^^
  File "C:\Python314\Lib\logging\__init__.py", line 1520, in info
    self._log(INFO, msg, args, **kwargs)
    ~~~~~~~~~^^^^^^^^^^^^^^^^^^^^^^^^^^^
TypeError: Logger._log() got an unexpected keyword argument 'area'
------------------------------ Captured log call ------------------------------
INFO     enla.model_trainer:trainer.py:195 Starting model training for area: comunicacion
ERROR    enla.model_trainer:trainer.py:248 Unexpected error training model for 'comunicacion': Logger._log() got an unexpected keyword argument 'area'
Traceback (most recent call last):
  File "C:\Users\BernabeA.LAPTOP-KB1N2IHM\BERNA\UCV\VII CICLO\BUSINESS INTELLIGENCE AND BIG DATA\enla-2026-callao\src\models\trainer.py", line 208, in train_model_for_area
    training_query = self._build_training_query(area)
  File "C:\Users\BernabeA.LAPTOP-KB1N2IHM\BERNA\UCV\VII CICLO\BUSINESS INTELLIGENCE AND BIG DATA\enla-2026-callao\src\models\trainer.py", line 174, in _build_training_query
    logger.info("Training query built", area=area, model_name=model_name)
    ~~~~~~~~~~~^^^^^^^^^^^^^^^^^^^^^^^^^^^^^^^^^^^^^^^^^^^^^^^^^^^^^^^^^^
  File "C:\Python314\Lib\logging\__init__.py", line 1520, in info
    self._log(INFO, msg, args, **kwargs)
    ~~~~~~~~~^^^^^^^^^^^^^^^^^^^^^^^^^^^
TypeError: Logger._log() got an unexpected keyword argument 'area'
C:\Users\BernabeA.LAPTOP-KB1N2IHM\BERNA\UCV\VII CICLO\BUSINESS INTELLIGENCE AND BIG DATA\enla-2026-callao\tests\unit\test_trainer.py:172: AssertionError: assert 'failed' == 'success'
E   TypeError: Logger._log() got an unexpected keyword argument 'models_trained'
---------------------------- Captured stderr call -----------------------------
2026-05-02 00:12:46,863 - enla.model_trainer - INFO - ============================================================
2026-05-02 00:12:46,863 - enla.model_trainer - INFO - Starting Model Training Pipeline
2026-05-02 00:12:46,863 - enla.model_trainer - INFO - Areas: ['comunicacion', 'matematica', 'ccss', 'cyt']
2026-05-02 00:12:46,863 - enla.model_trainer - INFO - ============================================================
2026-05-02 00:12:46,863 - enla.model_trainer - INFO - Starting model training for area: comunicacion
2026-05-02 00:12:46,864 - enla.model_trainer - ERROR - Unexpected error training model for 'comunicacion': Logger._log() got an unexpected keyword argument 'area'
Traceback (most recent call last):
  File "C:\Users\BernabeA.LAPTOP-KB1N2IHM\BERNA\UCV\VII CICLO\BUSINESS INTELLIGENCE AND BIG DATA\enla-2026-callao\src\models\trainer.py", line 208, in train_model_for_area
    training_query = self._build_training_query(area)
  File "C:\Users\BernabeA.LAPTOP-KB1N2IHM\BERNA\UCV\VII CICLO\BUSINESS INTELLIGENCE AND BIG DATA\enla-2026-callao\src\models\trainer.py", line 174, in _build_training_query
    logger.info("Training query built", area=area, model_name=model_name)
    ~~~~~~~~~~~^^^^^^^^^^^^^^^^^^^^^^^^^^^^^^^^^^^^^^^^^^^^^^^^^^^^^^^^^^
  File "C:\Python314\Lib\logging\__init__.py", line 1520, in info
    self._log(INFO, msg, args, **kwargs)
    ~~~~~~~~~^^^^^^^^^^^^^^^^^^^^^^^^^^^
TypeError: Logger._log() got an unexpected keyword argument 'area'
2026-05-02 00:12:46,868 - enla.model_trainer - INFO - Starting model training for area: matematica
2026-05-02 00:12:46,868 - enla.model_trainer - ERROR - Unexpected error training model for 'matematica': Logger._log() got an unexpected keyword argument 'area'
Traceback (most recent call last):
  File "C:\Users\BernabeA.LAPTOP-KB1N2IHM\BERNA\UCV\VII CICLO\BUSINESS INTELLIGENCE AND BIG DATA\enla-2026-callao\src\models\trainer.py", line 208, in train_model_for_area
    training_query = self._build_training_query(area)
  File "C:\Users\BernabeA.LAPTOP-KB1N2IHM\BERNA\UCV\VII CICLO\BUSINESS INTELLIGENCE AND BIG DATA\enla-2026-callao\src\models\trainer.py", line 174, in _build_training_query
    logger.info("Training query built", area=area, model_name=model_name)
    ~~~~~~~~~~~^^^^^^^^^^^^^^^^^^^^^^^^^^^^^^^^^^^^^^^^^^^^^^^^^^^^^^^^^^
  File "C:\Python314\Lib\logging\__init__.py", line 1520, in info
    self._log(INFO, msg, args, **kwargs)
    ~~~~~~~~~^^^^^^^^^^^^^^^^^^^^^^^^^^^
TypeError: Logger._log() got an unexpected keyword argument 'area'
2026-05-02 00:12:46,870 - enla.model_trainer - INFO - Starting model training for area: ccss
2026-05-02 00:12:46,871 - enla.model_trainer - ERROR - Unexpected error training model for 'ccss': Logger._log() got an unexpected keyword argument 'area'
Traceback (most recent call last):
  File "C:\Users\BernabeA.LAPTOP-KB1N2IHM\BERNA\UCV\VII CICLO\BUSINESS INTELLIGENCE AND BIG DATA\enla-2026-callao\src\models\trainer.py", line 208, in train_model_for_area
    training_query = self._build_training_query(area)
  File "C:\Users\BernabeA.LAPTOP-KB1N2IHM\BERNA\UCV\VII CICLO\BUSINESS INTELLIGENCE AND BIG DATA\enla-2026-callao\src\models\trainer.py", line 174, in _build_training_query
    logger.info("Training query built", area=area, model_name=model_name)
    ~~~~~~~~~~~^^^^^^^^^^^^^^^^^^^^^^^^^^^^^^^^^^^^^^^^^^^^^^^^^^^^^^^^^^
  File "C:\Python314\Lib\logging\__init__.py", line 1520, in info
    self._log(INFO, msg, args, **kwargs)
    ~~~~~~~~~^^^^^^^^^^^^^^^^^^^^^^^^^^^
TypeError: Logger._log() got an unexpected keyword argument 'area'
2026-05-02 00:12:46,873 - enla.model_trainer - INFO - Starting model training for area: cyt
2026-05-02 00:12:46,873 - enla.model_trainer - ERROR - Unexpected error training model for 'cyt': Logger._log() got an unexpected keyword argument 'area'
Traceback (most recent call last):
  File "C:\Users\BernabeA.LAPTOP-KB1N2IHM\BERNA\UCV\VII CICLO\BUSINESS INTELLIGENCE AND BIG DATA\enla-2026-callao\src\models\trainer.py", line 208, in train_model_for_area
    training_query = self._build_training_query(area)
  File "C:\Users\BernabeA.LAPTOP-KB1N2IHM\BERNA\UCV\VII CICLO\BUSINESS INTELLIGENCE AND BIG DATA\enla-2026-callao\src\models\trainer.py", line 174, in _build_training_query
    logger.info("Training query built", area=area, model_name=model_name)
    ~~~~~~~~~~~^^^^^^^^^^^^^^^^^^^^^^^^^^^^^^^^^^^^^^^^^^^^^^^^^^^^^^^^^^
  File "C:\Python314\Lib\logging\__init__.py", line 1520, in info
    self._log(INFO, msg, args, **kwargs)
    ~~~~~~~~~^^^^^^^^^^^^^^^^^^^^^^^^^^^
TypeError: Logger._log() got an unexpected keyword argument 'area'
------------------------------ Captured log call ------------------------------
INFO     enla.model_trainer:trainer.py:262 ============================================================
INFO     enla.model_trainer:trainer.py:263 Starting Model Training Pipeline
INFO     enla.model_trainer:trainer.py:264 Areas: ['comunicacion', 'matematica', 'ccss', 'cyt']
INFO     enla.model_trainer:trainer.py:265 ============================================================
INFO     enla.model_trainer:trainer.py:195 Starting model training for area: comunicacion
ERROR    enla.model_trainer:trainer.py:248 Unexpected error training model for 'comunicacion': Logger._log() got an unexpected keyword argument 'area'
Traceback (most recent call last):
  File "C:\Users\BernabeA.LAPTOP-KB1N2IHM\BERNA\UCV\VII CICLO\BUSINESS INTELLIGENCE AND BIG DATA\enla-2026-callao\src\models\trainer.py", line 208, in train_model_for_area
    training_query = self._build_training_query(area)
  File "C:\Users\BernabeA.LAPTOP-KB1N2IHM\BERNA\UCV\VII CICLO\BUSINESS INTELLIGENCE AND BIG DATA\enla-2026-callao\src\models\trainer.py", line 174, in _build_training_query
    logger.info("Training query built", area=area, model_name=model_name)
    ~~~~~~~~~~~^^^^^^^^^^^^^^^^^^^^^^^^^^^^^^^^^^^^^^^^^^^^^^^^^^^^^^^^^^
  File "C:\Python314\Lib\logging\__init__.py", line 1520, in info
    self._log(INFO, msg, args, **kwargs)
    ~~~~~~~~~^^^^^^^^^^^^^^^^^^^^^^^^^^^
TypeError: Logger._log() got an unexpected keyword argument 'area'
INFO     enla.model_trainer:trainer.py:195 Starting model training for area: matematica
ERROR    enla.model_trainer:trainer.py:248 Unexpected error training model for 'matematica': Logger._log() got an unexpected keyword argument 'area'
Traceback (most recent call last):
  File "C:\Users\BernabeA.LAPTOP-KB1N2IHM\BERNA\UCV\VII CICLO\BUSINESS INTELLIGENCE AND BIG DATA\enla-2026-callao\src\models\trainer.py", line 208, in train_model_for_area
    training_query = self._build_training_query(area)
  File "C:\Users\BernabeA.LAPTOP-KB1N2IHM\BERNA\UCV\VII CICLO\BUSINESS INTELLIGENCE AND BIG DATA\enla-2026-callao\src\models\trainer.py", line 174, in _build_training_query
    logger.info("Training query built", area=area, model_name=model_name)
    ~~~~~~~~~~~^^^^^^^^^^^^^^^^^^^^^^^^^^^^^^^^^^^^^^^^^^^^^^^^^^^^^^^^^^
  File "C:\Python314\Lib\logging\__init__.py", line 1520, in info
    self._log(INFO, msg, args, **kwargs)
    ~~~~~~~~~^^^^^^^^^^^^^^^^^^^^^^^^^^^
TypeError: Logger._log() got an unexpected keyword argument 'area'
INFO     enla.model_trainer:trainer.py:195 Starting model training for area: ccss
ERROR    enla.model_trainer:trainer.py:248 Unexpected error training model for 'ccss': Logger._log() got an unexpected keyword argument 'area'
Traceback (most recent call last):
  File "C:\Users\BernabeA.LAPTOP-KB1N2IHM\BERNA\UCV\VII CICLO\BUSINESS INTELLIGENCE AND BIG DATA\enla-2026-callao\src\models\trainer.py", line 208, in train_model_for_area
    training_query = self._build_training_query(area)
  File "C:\Users\BernabeA.LAPTOP-KB1N2IHM\BERNA\UCV\VII CICLO\BUSINESS INTELLIGENCE AND BIG DATA\enla-2026-callao\src\models\trainer.py", line 174, in _build_training_query
    logger.info("Training query built", area=area, model_name=model_name)
    ~~~~~~~~~~~^^^^^^^^^^^^^^^^^^^^^^^^^^^^^^^^^^^^^^^^^^^^^^^^^^^^^^^^^^
  File "C:\Python314\Lib\logging\__init__.py", line 1520, in info
    self._log(INFO, msg, args, **kwargs)
    ~~~~~~~~~^^^^^^^^^^^^^^^^^^^^^^^^^^^
TypeError: Logger._log() got an unexpected keyword argument 'area'
INFO     enla.model_trainer:trainer.py:195 Starting model training for area: cyt
ERROR    enla.model_trainer:trainer.py:248 Unexpected error training model for 'cyt': Logger._log() got an unexpected keyword argument 'area'
Traceback (most recent call last):
  File "C:\Users\BernabeA.LAPTOP-KB1N2IHM\BERNA\UCV\VII CICLO\BUSINESS INTELLIGENCE AND BIG DATA\enla-2026-callao\src\models\trainer.py", line 208, in train_model_for_area
    training_query = self._build_training_query(area)
  File "C:\Users\BernabeA.LAPTOP-KB1N2IHM\BERNA\UCV\VII CICLO\BUSINESS INTELLIGENCE AND BIG DATA\enla-2026-callao\src\models\trainer.py", line 174, in _build_training_query
    logger.info("Training query built", area=area, model_name=model_name)
    ~~~~~~~~~~~^^^^^^^^^^^^^^^^^^^^^^^^^^^^^^^^^^^^^^^^^^^^^^^^^^^^^^^^^^
  File "C:\Python314\Lib\logging\__init__.py", line 1520, in info
    self._log(INFO, msg, args, **kwargs)
    ~~~~~~~~~^^^^^^^^^^^^^^^^^^^^^^^^^^^
TypeError: Logger._log() got an unexpected keyword argument 'area'
C:\Python314\Lib\logging\__init__.py:1520: TypeError: Logger._log() got an unexpected keyword argument 'models_trained'
E   TypeError: Logger._log() got an unexpected keyword argument 'models_trained'
---------------------------- Captured stderr call -----------------------------
2026-05-02 00:12:46,882 - enla.model_trainer - INFO - ============================================================
2026-05-02 00:12:46,882 - enla.model_trainer - INFO - Starting Model Training Pipeline
2026-05-02 00:12:46,882 - enla.model_trainer - INFO - Areas: ['comunicacion', 'matematica', 'ccss', 'cyt']
2026-05-02 00:12:46,883 - enla.model_trainer - INFO - ============================================================
2026-05-02 00:12:46,883 - enla.model_trainer - INFO - Starting model training for area: comunicacion
2026-05-02 00:12:46,883 - enla.model_trainer - ERROR - Unexpected error training model for 'comunicacion': Logger._log() got an unexpected keyword argument 'area'
Traceback (most recent call last):
  File "C:\Users\BernabeA.LAPTOP-KB1N2IHM\BERNA\UCV\VII CICLO\BUSINESS INTELLIGENCE AND BIG DATA\enla-2026-callao\src\models\trainer.py", line 208, in train_model_for_area
    training_query = self._build_training_query(area)
  File "C:\Users\BernabeA.LAPTOP-KB1N2IHM\BERNA\UCV\VII CICLO\BUSINESS INTELLIGENCE AND BIG DATA\enla-2026-callao\src\models\trainer.py", line 174, in _build_training_query
    logger.info("Training query built", area=area, model_name=model_name)
    ~~~~~~~~~~~^^^^^^^^^^^^^^^^^^^^^^^^^^^^^^^^^^^^^^^^^^^^^^^^^^^^^^^^^^
  File "C:\Python314\Lib\logging\__init__.py", line 1520, in info
    self._log(INFO, msg, args, **kwargs)
    ~~~~~~~~~^^^^^^^^^^^^^^^^^^^^^^^^^^^
TypeError: Logger._log() got an unexpected keyword argument 'area'
2026-05-02 00:12:46,886 - enla.model_trainer - INFO - Starting model training for area: matematica
2026-05-02 00:12:46,887 - enla.model_trainer - ERROR - Unexpected error training model for 'matematica': Logger._log() got an unexpected keyword argument 'area'
Traceback (most recent call last):
  File "C:\Users\BernabeA.LAPTOP-KB1N2IHM\BERNA\UCV\VII CICLO\BUSINESS INTELLIGENCE AND BIG DATA\enla-2026-callao\src\models\trainer.py", line 208, in train_model_for_area
    training_query = self._build_training_query(area)
  File "C:\Users\BernabeA.LAPTOP-KB1N2IHM\BERNA\UCV\VII CICLO\BUSINESS INTELLIGENCE AND BIG DATA\enla-2026-callao\src\models\trainer.py", line 174, in _build_training_query
    logger.info("Training query built", area=area, model_name=model_name)
    ~~~~~~~~~~~^^^^^^^^^^^^^^^^^^^^^^^^^^^^^^^^^^^^^^^^^^^^^^^^^^^^^^^^^^
  File "C:\Python314\Lib\logging\__init__.py", line 1520, in info
    self._log(INFO, msg, args, **kwargs)
    ~~~~~~~~~^^^^^^^^^^^^^^^^^^^^^^^^^^^
TypeError: Logger._log() got an unexpected keyword argument 'area'
2026-05-02 00:12:46,890 - enla.model_trainer - INFO - Starting model training for area: ccss
2026-05-02 00:12:46,890 - enla.model_trainer - ERROR - Unexpected error training model for 'ccss': Logger._log() got an unexpected keyword argument 'area'
Traceback (most recent call last):
  File "C:\Users\BernabeA.LAPTOP-KB1N2IHM\BERNA\UCV\VII CICLO\BUSINESS INTELLIGENCE AND BIG DATA\enla-2026-callao\src\models\trainer.py", line 208, in train_model_for_area
    training_query = self._build_training_query(area)
  File "C:\Users\BernabeA.LAPTOP-KB1N2IHM\BERNA\UCV\VII CICLO\BUSINESS INTELLIGENCE AND BIG DATA\enla-2026-callao\src\models\trainer.py", line 174, in _build_training_query
    logger.info("Training query built", area=area, model_name=model_name)
    ~~~~~~~~~~~^^^^^^^^^^^^^^^^^^^^^^^^^^^^^^^^^^^^^^^^^^^^^^^^^^^^^^^^^^
  File "C:\Python314\Lib\logging\__init__.py", line 1520, in info
    self._log(INFO, msg, args, **kwargs)
    ~~~~~~~~~^^^^^^^^^^^^^^^^^^^^^^^^^^^
TypeError: Logger._log() got an unexpected keyword argument 'area'
2026-05-02 00:12:46,893 - enla.model_trainer - INFO - Starting model training for area: cyt
2026-05-02 00:12:46,893 - enla.model_trainer - ERROR - Unexpected error training model for 'cyt': Logger._log() got an unexpected keyword argument 'area'
Traceback (most recent call last):
  File "C:\Users\BernabeA.LAPTOP-KB1N2IHM\BERNA\UCV\VII CICLO\BUSINESS INTELLIGENCE AND BIG DATA\enla-2026-callao\src\models\trainer.py", line 208, in train_model_for_area
    training_query = self._build_training_query(area)
  File "C:\Users\BernabeA.LAPTOP-KB1N2IHM\BERNA\UCV\VII CICLO\BUSINESS INTELLIGENCE AND BIG DATA\enla-2026-callao\src\models\trainer.py", line 174, in _build_training_query
    logger.info("Training query built", area=area, model_name=model_name)
    ~~~~~~~~~~~^^^^^^^^^^^^^^^^^^^^^^^^^^^^^^^^^^^^^^^^^^^^^^^^^^^^^^^^^^
  File "C:\Python314\Lib\logging\__init__.py", line 1520, in info
    self._log(INFO, msg, args, **kwargs)
    ~~~~~~~~~^^^^^^^^^^^^^^^^^^^^^^^^^^^
TypeError: Logger._log() got an unexpected keyword argument 'area'
------------------------------ Captured log call ------------------------------
INFO     enla.model_trainer:trainer.py:262 ============================================================
INFO     enla.model_trainer:trainer.py:263 Starting Model Training Pipeline
INFO     enla.model_trainer:trainer.py:264 Areas: ['comunicacion', 'matematica', 'ccss', 'cyt']
INFO     enla.model_trainer:trainer.py:265 ============================================================
INFO     enla.model_trainer:trainer.py:195 Starting model training for area: comunicacion
ERROR    enla.model_trainer:trainer.py:248 Unexpected error training model for 'comunicacion': Logger._log() got an unexpected keyword argument 'area'
Traceback (most recent call last):
  File "C:\Users\BernabeA.LAPTOP-KB1N2IHM\BERNA\UCV\VII CICLO\BUSINESS INTELLIGENCE AND BIG DATA\enla-2026-callao\src\models\trainer.py", line 208, in train_model_for_area
    training_query = self._build_training_query(area)
  File "C:\Users\BernabeA.LAPTOP-KB1N2IHM\BERNA\UCV\VII CICLO\BUSINESS INTELLIGENCE AND BIG DATA\enla-2026-callao\src\models\trainer.py", line 174, in _build_training_query
    logger.info("Training query built", area=area, model_name=model_name)
    ~~~~~~~~~~~^^^^^^^^^^^^^^^^^^^^^^^^^^^^^^^^^^^^^^^^^^^^^^^^^^^^^^^^^^
  File "C:\Python314\Lib\logging\__init__.py", line 1520, in info
    self._log(INFO, msg, args, **kwargs)
    ~~~~~~~~~^^^^^^^^^^^^^^^^^^^^^^^^^^^
TypeError: Logger._log() got an unexpected keyword argument 'area'
INFO     enla.model_trainer:trainer.py:195 Starting model training for area: matematica
ERROR    enla.model_trainer:trainer.py:248 Unexpected error training model for 'matematica': Logger._log() got an unexpected keyword argument 'area'
Traceback (most recent call last):
  File "C:\Users\BernabeA.LAPTOP-KB1N2IHM\BERNA\UCV\VII CICLO\BUSINESS INTELLIGENCE AND BIG DATA\enla-2026-callao\src\models\trainer.py", line 208, in train_model_for_area
    training_query = self._build_training_query(area)
  File "C:\Users\BernabeA.LAPTOP-KB1N2IHM\BERNA\UCV\VII CICLO\BUSINESS INTELLIGENCE AND BIG DATA\enla-2026-callao\src\models\trainer.py", line 174, in _build_training_query
    logger.info("Training query built", area=area, model_name=model_name)
    ~~~~~~~~~~~^^^^^^^^^^^^^^^^^^^^^^^^^^^^^^^^^^^^^^^^^^^^^^^^^^^^^^^^^^
  File "C:\Python314\Lib\logging\__init__.py", line 1520, in info
    self._log(INFO, msg, args, **kwargs)
    ~~~~~~~~~^^^^^^^^^^^^^^^^^^^^^^^^^^^
TypeError: Logger._log() got an unexpected keyword argument 'area'
INFO     enla.model_trainer:trainer.py:195 Starting model training for area: ccss
ERROR    enla.model_trainer:trainer.py:248 Unexpected error training model for 'ccss': Logger._log() got an unexpected keyword argument 'area'
Traceback (most recent call last):
  File "C:\Users\BernabeA.LAPTOP-KB1N2IHM\BERNA\UCV\VII CICLO\BUSINESS INTELLIGENCE AND BIG DATA\enla-2026-callao\src\models\trainer.py", line 208, in train_model_for_area
    training_query = self._build_training_query(area)
  File "C:\Users\BernabeA.LAPTOP-KB1N2IHM\BERNA\UCV\VII CICLO\BUSINESS INTELLIGENCE AND BIG DATA\enla-2026-callao\src\models\trainer.py", line 174, in _build_training_query
    logger.info("Training query built", area=area, model_name=model_name)
    ~~~~~~~~~~~^^^^^^^^^^^^^^^^^^^^^^^^^^^^^^^^^^^^^^^^^^^^^^^^^^^^^^^^^^
  File "C:\Python314\Lib\logging\__init__.py", line 1520, in info
    self._log(INFO, msg, args, **kwargs)
    ~~~~~~~~~^^^^^^^^^^^^^^^^^^^^^^^^^^^
TypeError: Logger._log() got an unexpected keyword argument 'area'
INFO     enla.model_trainer:trainer.py:195 Starting model training for area: cyt
ERROR    enla.model_trainer:trainer.py:248 Unexpected error training model for 'cyt': Logger._log() got an unexpected keyword argument 'area'
Traceback (most recent call last):
  File "C:\Users\BernabeA.LAPTOP-KB1N2IHM\BERNA\UCV\VII CICLO\BUSINESS INTELLIGENCE AND BIG DATA\enla-2026-callao\src\models\trainer.py", line 208, in train_model_for_area
    training_query = self._build_training_query(area)
  File "C:\Users\BernabeA.LAPTOP-KB1N2IHM\BERNA\UCV\VII CICLO\BUSINESS INTELLIGENCE AND BIG DATA\enla-2026-callao\src\models\trainer.py", line 174, in _build_training_query
    logger.info("Training query built", area=area, model_name=model_name)
    ~~~~~~~~~~~^^^^^^^^^^^^^^^^^^^^^^^^^^^^^^^^^^^^^^^^^^^^^^^^^^^^^^^^^^
  File "C:\Python314\Lib\logging\__init__.py", line 1520, in info
    self._log(INFO, msg, args, **kwargs)
    ~~~~~~~~~^^^^^^^^^^^^^^^^^^^^^^^^^^^
TypeError: Logger._log() got an unexpected keyword argument 'area'
C:\Python314\Lib\logging\__init__.py:1520: TypeError: Logger._log() got an unexpected keyword argument 'models_trained'
E   TypeError: Logger._log() got an unexpected keyword argument 'models_trained'
---------------------------- Captured stderr call -----------------------------
2026-05-02 00:12:46,902 - enla.model_trainer - INFO - ============================================================
2026-05-02 00:12:46,902 - enla.model_trainer - INFO - Starting Model Training Pipeline
2026-05-02 00:12:46,902 - enla.model_trainer - INFO - Areas: ['comunicacion', 'matematica', 'ccss', 'cyt']
2026-05-02 00:12:46,902 - enla.model_trainer - INFO - ============================================================
2026-05-02 00:12:46,903 - enla.model_trainer - INFO - Starting model training for area: comunicacion
2026-05-02 00:12:46,903 - enla.model_trainer - ERROR - Unexpected error training model for 'comunicacion': Logger._log() got an unexpected keyword argument 'area'
Traceback (most recent call last):
  File "C:\Users\BernabeA.LAPTOP-KB1N2IHM\BERNA\UCV\VII CICLO\BUSINESS INTELLIGENCE AND BIG DATA\enla-2026-callao\src\models\trainer.py", line 208, in train_model_for_area
    training_query = self._build_training_query(area)
  File "C:\Users\BernabeA.LAPTOP-KB1N2IHM\BERNA\UCV\VII CICLO\BUSINESS INTELLIGENCE AND BIG DATA\enla-2026-callao\src\models\trainer.py", line 174, in _build_training_query
    logger.info("Training query built", area=area, model_name=model_name)
    ~~~~~~~~~~~^^^^^^^^^^^^^^^^^^^^^^^^^^^^^^^^^^^^^^^^^^^^^^^^^^^^^^^^^^
  File "C:\Python314\Lib\logging\__init__.py", line 1520, in info
    self._log(INFO, msg, args, **kwargs)
    ~~~~~~~~~^^^^^^^^^^^^^^^^^^^^^^^^^^^
TypeError: Logger._log() got an unexpected keyword argument 'area'
2026-05-02 00:12:46,906 - enla.model_trainer - INFO - Starting model training for area: matematica
2026-05-02 00:12:46,906 - enla.model_trainer - ERROR - Unexpected error training model for 'matematica': Logger._log() got an unexpected keyword argument 'area'
Traceback (most recent call last):
  File "C:\Users\BernabeA.LAPTOP-KB1N2IHM\BERNA\UCV\VII CICLO\BUSINESS INTELLIGENCE AND BIG DATA\enla-2026-callao\src\models\trainer.py", line 208, in train_model_for_area
    training_query = self._build_training_query(area)
  File "C:\Users\BernabeA.LAPTOP-KB1N2IHM\BERNA\UCV\VII CICLO\BUSINESS INTELLIGENCE AND BIG DATA\enla-2026-callao\src\models\trainer.py", line 174, in _build_training_query
    logger.info("Training query built", area=area, model_name=model_name)
    ~~~~~~~~~~~^^^^^^^^^^^^^^^^^^^^^^^^^^^^^^^^^^^^^^^^^^^^^^^^^^^^^^^^^^
  File "C:\Python314\Lib\logging\__init__.py", line 1520, in info
    self._log(INFO, msg, args, **kwargs)
    ~~~~~~~~~^^^^^^^^^^^^^^^^^^^^^^^^^^^
TypeError: Logger._log() got an unexpected keyword argument 'area'
2026-05-02 00:12:46,908 - enla.model_trainer - INFO - Starting model training for area: ccss
2026-05-02 00:12:46,908 - enla.model_trainer - ERROR - Unexpected error training model for 'ccss': Logger._log() got an unexpected keyword argument 'area'
Traceback (most recent call last):
  File "C:\Users\BernabeA.LAPTOP-KB1N2IHM\BERNA\UCV\VII CICLO\BUSINESS INTELLIGENCE AND BIG DATA\enla-2026-callao\src\models\trainer.py", line 208, in train_model_for_area
    training_query = self._build_training_query(area)
  File "C:\Users\BernabeA.LAPTOP-KB1N2IHM\BERNA\UCV\VII CICLO\BUSINESS INTELLIGENCE AND BIG DATA\enla-2026-callao\src\models\trainer.py", line 174, in _build_training_query
    logger.info("Training query built", area=area, model_name=model_name)
    ~~~~~~~~~~~^^^^^^^^^^^^^^^^^^^^^^^^^^^^^^^^^^^^^^^^^^^^^^^^^^^^^^^^^^
  File "C:\Python314\Lib\logging\__init__.py", line 1520, in info
    self._log(INFO, msg, args, **kwargs)
    ~~~~~~~~~^^^^^^^^^^^^^^^^^^^^^^^^^^^
TypeError: Logger._log() got an unexpected keyword argument 'area'
2026-05-02 00:12:46,910 - enla.model_trainer - INFO - Starting model training for area: cyt
2026-05-02 00:12:46,910 - enla.model_trainer - ERROR - Unexpected error training model for 'cyt': Logger._log() got an unexpected keyword argument 'area'
Traceback (most recent call last):
  File "C:\Users\BernabeA.LAPTOP-KB1N2IHM\BERNA\UCV\VII CICLO\BUSINESS INTELLIGENCE AND BIG DATA\enla-2026-callao\src\models\trainer.py", line 208, in train_model_for_area
    training_query = self._build_training_query(area)
  File "C:\Users\BernabeA.LAPTOP-KB1N2IHM\BERNA\UCV\VII CICLO\BUSINESS INTELLIGENCE AND BIG DATA\enla-2026-callao\src\models\trainer.py", line 174, in _build_training_query
    logger.info("Training query built", area=area, model_name=model_name)
    ~~~~~~~~~~~^^^^^^^^^^^^^^^^^^^^^^^^^^^^^^^^^^^^^^^^^^^^^^^^^^^^^^^^^^
  File "C:\Python314\Lib\logging\__init__.py", line 1520, in info
    self._log(INFO, msg, args, **kwargs)
    ~~~~~~~~~^^^^^^^^^^^^^^^^^^^^^^^^^^^
TypeError: Logger._log() got an unexpected keyword argument 'area'
------------------------------ Captured log call ------------------------------
INFO     enla.model_trainer:trainer.py:262 ============================================================
INFO     enla.model_trainer:trainer.py:263 Starting Model Training Pipeline
INFO     enla.model_trainer:trainer.py:264 Areas: ['comunicacion', 'matematica', 'ccss', 'cyt']
INFO     enla.model_trainer:trainer.py:265 ============================================================
INFO     enla.model_trainer:trainer.py:195 Starting model training for area: comunicacion
ERROR    enla.model_trainer:trainer.py:248 Unexpected error training model for 'comunicacion': Logger._log() got an unexpected keyword argument 'area'
Traceback (most recent call last):
  File "C:\Users\BernabeA.LAPTOP-KB1N2IHM\BERNA\UCV\VII CICLO\BUSINESS INTELLIGENCE AND BIG DATA\enla-2026-callao\src\models\trainer.py", line 208, in train_model_for_area
    training_query = self._build_training_query(area)
  File "C:\Users\BernabeA.LAPTOP-KB1N2IHM\BERNA\UCV\VII CICLO\BUSINESS INTELLIGENCE AND BIG DATA\enla-2026-callao\src\models\trainer.py", line 174, in _build_training_query
    logger.info("Training query built", area=area, model_name=model_name)
    ~~~~~~~~~~~^^^^^^^^^^^^^^^^^^^^^^^^^^^^^^^^^^^^^^^^^^^^^^^^^^^^^^^^^^
  File "C:\Python314\Lib\logging\__init__.py", line 1520, in info
    self._log(INFO, msg, args, **kwargs)
    ~~~~~~~~~^^^^^^^^^^^^^^^^^^^^^^^^^^^
TypeError: Logger._log() got an unexpected keyword argument 'area'
INFO     enla.model_trainer:trainer.py:195 Starting model training for area: matematica
ERROR    enla.model_trainer:trainer.py:248 Unexpected error training model for 'matematica': Logger._log() got an unexpected keyword argument 'area'
Traceback (most recent call last):
  File "C:\Users\BernabeA.LAPTOP-KB1N2IHM\BERNA\UCV\VII CICLO\BUSINESS INTELLIGENCE AND BIG DATA\enla-2026-callao\src\models\trainer.py", line 208, in train_model_for_area
    training_query = self._build_training_query(area)
  File "C:\Users\BernabeA.LAPTOP-KB1N2IHM\BERNA\UCV\VII CICLO\BUSINESS INTELLIGENCE AND BIG DATA\enla-2026-callao\src\models\trainer.py", line 174, in _build_training_query
    logger.info("Training query built", area=area, model_name=model_name)
    ~~~~~~~~~~~^^^^^^^^^^^^^^^^^^^^^^^^^^^^^^^^^^^^^^^^^^^^^^^^^^^^^^^^^^
  File "C:\Python314\Lib\logging\__init__.py", line 1520, in info
    self._log(INFO, msg, args, **kwargs)
    ~~~~~~~~~^^^^^^^^^^^^^^^^^^^^^^^^^^^
TypeError: Logger._log() got an unexpected keyword argument 'area'
INFO     enla.model_trainer:trainer.py:195 Starting model training for area: ccss
ERROR    enla.model_trainer:trainer.py:248 Unexpected error training model for 'ccss': Logger._log() got an unexpected keyword argument 'area'
Traceback (most recent call last):
  File "C:\Users\BernabeA.LAPTOP-KB1N2IHM\BERNA\UCV\VII CICLO\BUSINESS INTELLIGENCE AND BIG DATA\enla-2026-callao\src\models\trainer.py", line 208, in train_model_for_area
    training_query = self._build_training_query(area)
  File "C:\Users\BernabeA.LAPTOP-KB1N2IHM\BERNA\UCV\VII CICLO\BUSINESS INTELLIGENCE AND BIG DATA\enla-2026-callao\src\models\trainer.py", line 174, in _build_training_query
    logger.info("Training query built", area=area, model_name=model_name)
    ~~~~~~~~~~~^^^^^^^^^^^^^^^^^^^^^^^^^^^^^^^^^^^^^^^^^^^^^^^^^^^^^^^^^^
  File "C:\Python314\Lib\logging\__init__.py", line 1520, in info
    self._log(INFO, msg, args, **kwargs)
    ~~~~~~~~~^^^^^^^^^^^^^^^^^^^^^^^^^^^
TypeError: Logger._log() got an unexpected keyword argument 'area'
INFO     enla.model_trainer:trainer.py:195 Starting model training for area: cyt
ERROR    enla.model_trainer:trainer.py:248 Unexpected error training model for 'cyt': Logger._log() got an unexpected keyword argument 'area'
Traceback (most recent call last):
  File "C:\Users\BernabeA.LAPTOP-KB1N2IHM\BERNA\UCV\VII CICLO\BUSINESS INTELLIGENCE AND BIG DATA\enla-2026-callao\src\models\trainer.py", line 208, in train_model_for_area
    training_query = self._build_training_query(area)
  File "C:\Users\BernabeA.LAPTOP-KB1N2IHM\BERNA\UCV\VII CICLO\BUSINESS INTELLIGENCE AND BIG DATA\enla-2026-callao\src\models\trainer.py", line 174, in _build_training_query
    logger.info("Training query built", area=area, model_name=model_name)
    ~~~~~~~~~~~^^^^^^^^^^^^^^^^^^^^^^^^^^^^^^^^^^^^^^^^^^^^^^^^^^^^^^^^^^
  File "C:\Python314\Lib\logging\__init__.py", line 1520, in info
    self._log(INFO, msg, args, **kwargs)
    ~~~~~~~~~^^^^^^^^^^^^^^^^^^^^^^^^^^^
TypeError: Logger._log() got an unexpected keyword argument 'area'
C:\Python314\Lib\logging\__init__.py:1520: TypeError: Logger._log() got an unexpected keyword argument 'models_trained'
E   TypeError: Logger._log() got an unexpected keyword argument 'accuracy'

During handling of the above exception, another exception occurred:
E   src.models.trainer.ModelEvaluationError: Unexpected error evaluating model 'comunicacion': Logger._log() got an unexpected keyword argument 'accuracy'
---------------------------- Captured stderr call -----------------------------
2026-05-02 00:12:46,923 - enla.model_trainer - INFO - Evaluating model: test-project.BI_ENLA.enla_model_comunicacion_v1
2026-05-02 00:12:46,924 - enla.model_trainer - ERROR - Unexpected error evaluating model 'comunicacion': Logger._log() got an unexpected keyword argument 'accuracy'
Traceback (most recent call last):
  File "C:\Users\BernabeA.LAPTOP-KB1N2IHM\BERNA\UCV\VII CICLO\BUSINESS INTELLIGENCE AND BIG DATA\enla-2026-callao\src\models\trainer.py", line 355, in evaluate_model
    logger.info(f"Model evaluation for '{area}' complete",
    ~~~~~~~~~~~^^^^^^^^^^^^^^^^^^^^^^^^^^^^^^^^^^^^^^^^^^^
                accuracy=evaluation['accuracy'],
                ^^^^^^^^^^^^^^^^^^^^^^^^^^^^^^^^
                precision=evaluation['precision'],
                ^^^^^^^^^^^^^^^^^^^^^^^^^^^^^^^^^^
                recall=evaluation['recall'],
                ^^^^^^^^^^^^^^^^^^^^^^^^^^^^
                f1_score=evaluation['f1_score'])
                ^^^^^^^^^^^^^^^^^^^^^^^^^^^^^^^^
  File "C:\Python314\Lib\logging\__init__.py", line 1520, in info
    self._log(INFO, msg, args, **kwargs)
    ~~~~~~~~~^^^^^^^^^^^^^^^^^^^^^^^^^^^
TypeError: Logger._log() got an unexpected keyword argument 'accuracy'
------------------------------ Captured log call ------------------------------
INFO     enla.model_trainer:trainer.py:318 Evaluating model: test-project.BI_ENLA.enla_model_comunicacion_v1
ERROR    enla.model_trainer:trainer.py:373 Unexpected error evaluating model 'comunicacion': Logger._log() got an unexpected keyword argument 'accuracy'
Traceback (most recent call last):
  File "C:\Users\BernabeA.LAPTOP-KB1N2IHM\BERNA\UCV\VII CICLO\BUSINESS INTELLIGENCE AND BIG DATA\enla-2026-callao\src\models\trainer.py", line 355, in evaluate_model
    logger.info(f"Model evaluation for '{area}' complete",
    ~~~~~~~~~~~^^^^^^^^^^^^^^^^^^^^^^^^^^^^^^^^^^^^^^^^^^^
                accuracy=evaluation['accuracy'],
                ^^^^^^^^^^^^^^^^^^^^^^^^^^^^^^^^
                precision=evaluation['precision'],
                ^^^^^^^^^^^^^^^^^^^^^^^^^^^^^^^^^^
                recall=evaluation['recall'],
                ^^^^^^^^^^^^^^^^^^^^^^^^^^^^
                f1_score=evaluation['f1_score'])
                ^^^^^^^^^^^^^^^^^^^^^^^^^^^^^^^^
  File "C:\Python314\Lib\logging\__init__.py", line 1520, in info
    self._log(INFO, msg, args, **kwargs)
    ~~~~~~~~~^^^^^^^^^^^^^^^^^^^^^^^^^^^
TypeError: Logger._log() got an unexpected keyword argument 'accuracy'
C:\Users\BernabeA.LAPTOP-KB1N2IHM\BERNA\UCV\VII CICLO\BUSINESS INTELLIGENCE AND BIG DATA\enla-2026-callao\src\models\trainer.py:374: src.models.trainer.ModelEvaluationError: Unexpected error evaluating model 'comunicacion': Logger._log() got an unexpected keyword argument 'accuracy'
E   TypeError: Logger._log() got an unexpected keyword argument 'features'

During handling of the above exception, another exception occurred:
E   src.models.trainer.ModelTrainingError: Unexpected error getting weights for 'comunicacion': Logger._log() got an unexpected keyword argument 'features'
---------------------------- Captured stderr call -----------------------------
2026-05-02 00:12:46,950 - enla.model_trainer - INFO - Getting feature weights for model: test-project.BI_ENLA.enla_model_comunicacion_v1
2026-05-02 00:12:46,950 - enla.model_trainer - ERROR - Unexpected error getting weights for 'comunicacion': Logger._log() got an unexpected keyword argument 'features'
Traceback (most recent call last):
  File "C:\Users\BernabeA.LAPTOP-KB1N2IHM\BERNA\UCV\VII CICLO\BUSINESS INTELLIGENCE AND BIG DATA\enla-2026-callao\src\models\trainer.py", line 428, in get_feature_weights
    logger.info(f"Feature weights retrieved for '{area}'",
    ~~~~~~~~~~~^^^^^^^^^^^^^^^^^^^^^^^^^^^^^^^^^^^^^^^^^^^
                features=len(weights_df))
                ^^^^^^^^^^^^^^^^^^^^^^^^^
  File "C:\Python314\Lib\logging\__init__.py", line 1520, in info
    self._log(INFO, msg, args, **kwargs)
    ~~~~~~~~~^^^^^^^^^^^^^^^^^^^^^^^^^^^
TypeError: Logger._log() got an unexpected keyword argument 'features'
------------------------------ Captured log call ------------------------------
INFO     enla.model_trainer:trainer.py:415 Getting feature weights for model: test-project.BI_ENLA.enla_model_comunicacion_v1
ERROR    enla.model_trainer:trainer.py:440 Unexpected error getting weights for 'comunicacion': Logger._log() got an unexpected keyword argument 'features'
Traceback (most recent call last):
  File "C:\Users\BernabeA.LAPTOP-KB1N2IHM\BERNA\UCV\VII CICLO\BUSINESS INTELLIGENCE AND BIG DATA\enla-2026-callao\src\models\trainer.py", line 428, in get_feature_weights
    logger.info(f"Feature weights retrieved for '{area}'",
    ~~~~~~~~~~~^^^^^^^^^^^^^^^^^^^^^^^^^^^^^^^^^^^^^^^^^^^
                features=len(weights_df))
                ^^^^^^^^^^^^^^^^^^^^^^^^^
  File "C:\Python314\Lib\logging\__init__.py", line 1520, in info
    self._log(INFO, msg, args, **kwargs)
    ~~~~~~~~~^^^^^^^^^^^^^^^^^^^^^^^^^^^
TypeError: Logger._log() got an unexpected keyword argument 'features'
C:\Users\BernabeA.LAPTOP-KB1N2IHM\BERNA\UCV\VII CICLO\BUSINESS INTELLIGENCE AND BIG DATA\enla-2026-callao\src\models\trainer.py:441: src.models.trainer.ModelTrainingError: Unexpected error getting weights for 'comunicacion': Logger._log() got an unexpected keyword argument 'features'
E   TypeError: Logger._log() got an unexpected keyword argument 'input_rows'
C:\Python314\Lib\logging\__init__.py:1520: TypeError: Logger._log() got an unexpected keyword argument 'input_rows'
E   TypeError: Logger._log() got an unexpected keyword argument 'input_rows'
C:\Python314\Lib\logging\__init__.py:1520: TypeError: Logger._log() got an unexpected keyword argument 'input_rows'
E   TypeError: Logger._log() got an unexpected keyword argument 'input_rows'
C:\Python314\Lib\logging\__init__.py:1520: TypeError: Logger._log() got an unexpected keyword argument 'input_rows'
E   TypeError: Logger._log() got an unexpected keyword argument 'input_rows'
C:\Python314\Lib\logging\__init__.py:1520: TypeError: Logger._log() got an unexpected keyword argument 'input_rows'
E   TypeError: Logger._log() got an unexpected keyword argument 'input_rows'
C:\Python314\Lib\logging\__init__.py:1520: TypeError: Logger._log() got an unexpected keyword argument 'input_rows'
E   TypeError: Logger._log() got an unexpected keyword argument 'input_rows'
C:\Python314\Lib\logging\__init__.py:1520: TypeError: Logger._log() got an unexpected keyword argument 'input_rows'
E   TypeError: Logger._log() got an unexpected keyword argument 'input_rows'
C:\Python314\Lib\logging\__init__.py:1520: TypeError: Logger._log() got an unexpected keyword argument 'input_rows'
E   TypeError: Logger._log() got an unexpected keyword argument 'input_rows'
C:\Python314\Lib\logging\__init__.py:1520: TypeError: Logger._log() got an unexpected keyword argument 'input_rows'
E   TypeError: Logger._log() got an unexpected keyword argument 'input_rows'
C:\Python314\Lib\logging\__init__.py:1520: TypeError: Logger._log() got an unexpected keyword argument 'input_rows'
E   TypeError: Logger._log() got an unexpected keyword argument 'input_rows'
C:\Python314\Lib\logging\__init__.py:1520: TypeError: Logger._log() got an unexpected keyword argument 'input_rows'
E   TypeError: Logger._log() got an unexpected keyword argument 'input_rows'
C:\Python314\Lib\logging\__init__.py:1520: TypeError: Logger._log() got an unexpected keyword argument 'input_rows'
E   TypeError: Logger._log() got an unexpected keyword argument 'input_rows'
C:\Python314\Lib\logging\__init__.py:1520: TypeError: Logger._log() got an unexpected keyword argument 'input_rows'
E   TypeError: Logger._log() got an unexpected keyword argument 'input_rows'
C:\Python314\Lib\logging\__init__.py:1520: TypeError: Logger._log() got an unexpected keyword argument 'input_rows'
E   TypeError: Logger._log() got an unexpected keyword argument 'input_rows'
C:\Python314\Lib\logging\__init__.py:1520: TypeError: Logger._log() got an unexpected keyword argument 'input_rows'
E   TypeError: Logger._log() got an unexpected keyword argument 'input_rows'
C:\Python314\Lib\logging\__init__.py:1520: TypeError: Logger._log() got an unexpected keyword argument 'input_rows'
E   TypeError: Logger._log() got an unexpected keyword argument 'null_count'
C:\Python314\Lib\logging\__init__.py:1520: TypeError: Logger._log() got an unexpected keyword argument 'null_count'
E   TypeError: Logger._log() got an unexpected keyword argument 'null_count'
C:\Python314\Lib\logging\__init__.py:1520: TypeError: Logger._log() got an unexpected keyword argument 'null_count'
E   TypeError: Logger._log() got an unexpected keyword argument 'input_rows'
C:\Python314\Lib\logging\__init__.py:1520: TypeError: Logger._log() got an unexpected keyword argument 'input_rows'
E   TypeError: Logger._log() got an unexpected keyword argument 'input_rows'
C:\Python314\Lib\logging\__init__.py:1520: TypeError: Logger._log() got an unexpected keyword argument 'input_rows'
E   TypeError: Logger._log() got an unexpected keyword argument 'input_rows'
C:\Python314\Lib\logging\__init__.py:1520: TypeError: Logger._log() got an unexpected keyword argument 'input_rows'
E   TypeError: Logger._log() got an unexpected keyword argument 'input_rows'
C:\Python314\Lib\logging\__init__.py:1520: TypeError: Logger._log() got an unexpected keyword argument 'input_rows'
E   TypeError: Logger._log() got an unexpected keyword argument 'count'
C:\Python314\Lib\logging\__init__.py:1520: TypeError: Logger._log() got an unexpected keyword argument 'count'
E   TypeError: Logger._log() got an unexpected keyword argument 'count'
C:\Python314\Lib\logging\__init__.py:1520: TypeError: Logger._log() got an unexpected keyword argument 'count'
============================== warnings summary ===============================
tests/unit/test_orchestrator.py: 86 warnings
tests/unit/test_predictor.py: 92 warnings
tests/unit/test_trainer.py: 63 warnings
  C:\Users\BernabeA.LAPTOP-KB1N2IHM\BERNA\UCV\VII CICLO\BUSINESS INTELLIGENCE AND BIG DATA\enla-2026-callao\src\logging\setup.py:17: DeprecationWarning: datetime.datetime.utcnow() is deprecated and scheduled for removal in a future version. Use timezone-aware objects to represent datetimes in UTC: datetime.datetime.now(datetime.UTC).
    'timestamp': datetime.utcnow().isoformat(),

tests/unit/test_orchestrator.py::TestHealthCheck::test_health_check_returns_healthy
tests/unit/test_orchestrator.py::TestHealthCheck::test_health_check_timestamp_format
  C:\Users\BernabeA.LAPTOP-KB1N2IHM\BERNA\UCV\VII CICLO\BUSINESS INTELLIGENCE AND BIG DATA\enla-2026-callao\gcp\functions\enla_orchestrator\main.py:296: DeprecationWarning: datetime.datetime.utcnow() is deprecated and scheduled for removal in a future version. Use timezone-aware objects to represent datetimes in UTC: datetime.datetime.now(datetime.UTC).
    'timestamp': datetime.utcnow().isoformat(),

tests/unit/test_orchestrator.py::TestRunFullPipeline::test_run_full_pipeline_ingestion_failure
tests/unit/test_orchestrator.py::TestRunFullPipeline::test_run_full_pipeline_partial_failure
tests/unit/test_orchestrator.py::TestRunFullPipeline::test_run_full_pipeline_success
tests/unit/test_orchestrator.py::TestPipelineDuration::test_pipeline_includes_duration
tests/unit/test_orchestrator.py::TestPipelinePhases::test_all_phases_tracked
  C:\Users\BernabeA.LAPTOP-KB1N2IHM\BERNA\UCV\VII CICLO\BUSINESS INTELLIGENCE AND BIG DATA\enla-2026-callao\gcp\functions\enla_orchestrator\main.py:60: DeprecationWarning: datetime.datetime.utcnow() is deprecated and scheduled for removal in a future version. Use timezone-aware objects to represent datetimes in UTC: datetime.datetime.now(datetime.UTC).
    pipeline_start = datetime.utcnow()

tests/unit/test_orchestrator.py::TestRunFullPipeline::test_run_full_pipeline_ingestion_failure
  C:\Users\BernabeA.LAPTOP-KB1N2IHM\BERNA\UCV\VII CICLO\BUSINESS INTELLIGENCE AND BIG DATA\enla-2026-callao\gcp\functions\enla_orchestrator\main.py:215: DeprecationWarning: datetime.datetime.utcnow() is deprecated and scheduled for removal in a future version. Use timezone-aware objects to represent datetimes in UTC: datetime.datetime.now(datetime.UTC).
    pipeline_end = datetime.utcnow()

tests/unit/test_orchestrator.py::TestRunFullPipeline::test_run_full_pipeline_partial_failure
tests/unit/test_orchestrator.py::TestRunFullPipeline::test_run_full_pipeline_success
tests/unit/test_orchestrator.py::TestPipelineDuration::test_pipeline_includes_duration
tests/unit/test_orchestrator.py::TestPipelinePhases::test_all_phases_tracked
  C:\Users\BernabeA.LAPTOP-KB1N2IHM\BERNA\UCV\VII CICLO\BUSINESS INTELLIGENCE AND BIG DATA\enla-2026-callao\gcp\functions\enla_orchestrator\main.py:198: DeprecationWarning: datetime.datetime.utcnow() is deprecated and scheduled for removal in a future version. Use timezone-aware objects to represent datetimes in UTC: datetime.datetime.now(datetime.UTC).
    pipeline_end = datetime.utcnow()

tests/unit/test_orchestrator.py::TestCloudFunctionEntryPoint::test_orchestrator_with_pubsub_event
  C:\Users\BernabeA.LAPTOP-KB1N2IHM\BERNA\UCV\VII CICLO\BUSINESS INTELLIGENCE AND BIG DATA\enla-2026-callao\tests\unit\test_orchestrator.py:184: DeprecationWarning: datetime.datetime.utcnow() is deprecated and scheduled for removal in a future version. Use timezone-aware objects to represent datetimes in UTC: datetime.datetime.now(datetime.UTC).
    'start_time': datetime.utcnow().isoformat(),

tests/unit/test_orchestrator.py::TestCloudFunctionEntryPoint::test_orchestrator_with_pubsub_event
  C:\Users\BernabeA.LAPTOP-KB1N2IHM\BERNA\UCV\VII CICLO\BUSINESS INTELLIGENCE AND BIG DATA\enla-2026-callao\tests\unit\test_orchestrator.py:185: DeprecationWarning: datetime.datetime.utcnow() is deprecated and scheduled for removal in a future version. Use timezone-aware objects to represent datetimes in UTC: datetime.datetime.now(datetime.UTC).
    'end_time': datetime.utcnow().isoformat(),

-- Docs: https://docs.pytest.org/en/stable/how-to/capture-warnings.html
=========================== short test summary info ===========================
FAILED tests/unit/test_predictor.py::TestBuildPredictionQuery::test_build_prediction_query_comunicacion
FAILED tests/unit/test_predictor.py::TestBuildPredictionQuery::test_build_prediction_query_matematica
FAILED tests/unit/test_predictor.py::TestBuildPredictionQuery::test_build_prediction_query_ccss
FAILED tests/unit/test_predictor.py::TestBuildPredictionQuery::test_build_prediction_query_cyt
FAILED tests/unit/test_predictor.py::TestBuildPredictionQuery::test_build_prediction_query_uses_correct_project
FAILED tests/unit/test_predictor.py::TestPredictForArea::test_predict_for_area_success
FAILED tests/unit/test_predictor.py::TestPredictForArea::test_predict_for_area_empty_result
FAILED tests/unit/test_predictor.py::TestPredictAllAreas::test_predict_all_areas
FAILED tests/unit/test_predictor.py::TestPredictAllAreas::test_predict_all_areas_partial_failure
FAILED tests/unit/test_predictor.py::TestSavePredictions::test_save_predictions_success
FAILED tests/unit/test_predictor.py::TestPredictionsSummary::test_predictions_summary
FAILED tests/unit/test_predictor.py::TestRiskDistribution::test_risk_distribution_from_summary
FAILED tests/unit/test_predictor.py::TestRiskDistribution::test_risk_distribution_zero_counts
FAILED tests/unit/test_predictor.py::TestFullPredictionPipeline::test_run_full_pipeline_success
FAILED tests/unit/test_trainer.py::TestBuildTrainingQuery::test_build_training_query_comunicacion
FAILED tests/unit/test_trainer.py::TestBuildTrainingQuery::test_build_training_query_matematica
FAILED tests/unit/test_trainer.py::TestBuildTrainingQuery::test_build_training_query_ccss
FAILED tests/unit/test_trainer.py::TestBuildTrainingQuery::test_build_training_query_cyt
FAILED tests/unit/test_trainer.py::TestBuildTrainingQuery::test_build_training_query_includes_features
FAILED tests/unit/test_trainer.py::TestBuildTrainingQuery::test_build_training_query_includes_split_logic
FAILED tests/unit/test_trainer.py::TestBuildTrainingQuery::test_build_training_query_uses_correct_project
FAILED tests/unit/test_trainer.py::TestTrainModelForArea::test_train_model_success
FAILED tests/unit/test_trainer.py::TestTrainAllModels::test_train_all_models_success
FAILED tests/unit/test_trainer.py::TestTrainAllModels::test_train_all_models_partial_failure
FAILED tests/unit/test_trainer.py::TestTrainAllModels::test_train_all_models_duration_recorded
FAILED tests/unit/test_trainer.py::TestEvaluateModel::test_evaluate_model_success
FAILED tests/unit/test_trainer.py::TestFeatureWeights::test_feature_weights_success
FAILED tests/unit/test_transform.py::TestPivotByArea::test_pivot_creates_correct_row_count
FAILED tests/unit/test_transform.py::TestPivotByArea::test_pivot_contains_all_areas
FAILED tests/unit/test_transform.py::TestPivotByArea::test_pivot_preserves_institution_ids
FAILED tests/unit/test_transform.py::TestPivotByArea::test_pivot_maps_correct_scores
FAILED tests/unit/test_transform.py::TestPivotByArea::test_pivot_output_columns
FAILED tests/unit/test_transform.py::TestCreateFactRecords::test_fact_records_have_uuid
FAILED tests/unit/test_transform.py::TestCreateFactRecords::test_fact_records_count
FAILED tests/unit/test_transform.py::TestCreateFactRecords::test_fact_records_schema
FAILED tests/unit/test_transform.py::TestCreateFactRecords::test_fact_year_is_integer
FAILED tests/unit/test_transform.py::TestNullHandling::test_null_scores_marked_correctly
FAILED tests/unit/test_transform.py::TestNullHandling::test_all_null_scores
FAILED tests/unit/test_transform.py::TestNullHandling::test_null_scores_included_in_output
FAILED tests/unit/test_transform.py::TestNullHandling::test_null_score_count_accuracy
FAILED tests/unit/test_transform.py::TestDataQualityCheck::test_quality_check_passes_valid_data
FAILED tests/unit/test_transform.py::TestDataQualityCheck::test_quality_check_detects_null_coverage
FAILED tests/unit/test_transform.py::TestDataQualityCheck::test_quality_check_detects_out_of_range_scores
FAILED tests/unit/test_transform.py::TestDataQualityCheck::test_quality_check_warns_on_high_null_coverage
FAILED tests/unit/test_transform.py::TestDataQualityCheck::test_quality_check_tracks_areas_processed
FAILED tests/unit/test_transform.py::TestDimensionTables::test_dim_meta_has_unique_combinations
FAILED tests/unit/test_transform.py::TestDimensionTables::test_dim_meta_has_target_score
FAILED tests/unit/test_transform.py::TestDimensionTables::test_dim_meta_has_region
FAILED tests/unit/test_transform.py::TestDimensionTables::test_dim_calendario_has_correct_years
FAILED tests/unit/test_transform.py::TestDimensionTables::test_dim_calendario_has_quarter
================ 50 failed, 132 passed, 255 warnings in 3.84s =================
